Component: ARM Compiler 5.06 update 7 (build 960) Tool: armlink [4d3601]

==============================================================================

Section Cross References

    system_apm32f0xx.o(i.SystemClockConfig) refers to system_apm32f0xx.o(i.SystemClock48M) for SystemClock48M
    system_apm32f0xx.o(i.SystemCoreClockUpdate) refers to system_apm32f0xx.o(.data) for SystemCoreClock
    system_apm32f0xx.o(i.SystemInit) refers to system_apm32f0xx.o(i.SystemClockConfig) for SystemClockConfig
    startup_apm32f030.o(RESET) refers to startup_apm32f030.o(STACK) for __initial_sp
    startup_apm32f030.o(RESET) refers to startup_apm32f030.o(.text) for Reset_Handler
    startup_apm32f030.o(RESET) refers to apm32f0xx_int.o(i.NMI_Handler) for NMI_Handler
    startup_apm32f030.o(RESET) refers to apm32f0xx_int.o(i.HardFault_Handler) for HardFault_Handler
    startup_apm32f030.o(RESET) refers to port.o(i.SVC_Handler) for SVC_Handler
    startup_apm32f030.o(RESET) refers to port.o(.emb_text) for PendSV_Handler
    startup_apm32f030.o(RESET) refers to port.o(i.SysTick_Handler) for SysTick_Handler
    startup_apm32f030.o(RESET) refers to motor.o(i.TMR1_BRK_UP_TRG_COM_IRQHandler) for TMR1_BRK_UP_TRG_COM_IRQHandler
    startup_apm32f030.o(RESET) refers to dmx.o(i.USART1_IRQHandler) for USART1_IRQHandler
    startup_apm32f030.o(.text) refers to system_apm32f0xx.o(i.SystemInit) for SystemInit
    startup_apm32f030.o(.text) refers to entry.o(.ARM.Collect$$$$00000000) for __main
    apm32f0xx_adc.o(i.ADC_Reset) refers to apm32f0xx_rcm.o(i.RCM_EnableAPB2PeriphReset) for RCM_EnableAPB2PeriphReset
    apm32f0xx_adc.o(i.ADC_Reset) refers to apm32f0xx_rcm.o(i.RCM_DisableAPB2PeriphReset) for RCM_DisableAPB2PeriphReset
    apm32f0xx_can.o(i.CAN_Reset) refers to apm32f0xx_rcm.o(i.RCM_EnableAPB1PeriphReset) for RCM_EnableAPB1PeriphReset
    apm32f0xx_can.o(i.CAN_Reset) refers to apm32f0xx_rcm.o(i.RCM_DisableAPB1PeriphReset) for RCM_DisableAPB1PeriphReset
    apm32f0xx_cec.o(i.CEC_Reset) refers to apm32f0xx_rcm.o(i.RCM_EnableAPB1PeriphClock) for RCM_EnableAPB1PeriphClock
    apm32f0xx_cec.o(i.CEC_Reset) refers to apm32f0xx_rcm.o(i.RCM_DisableAPB1PeriphReset) for RCM_DisableAPB1PeriphReset
    apm32f0xx_crs.o(i.CRS_Reset) refers to apm32f0xx_rcm.o(i.RCM_EnableAPB1PeriphReset) for RCM_EnableAPB1PeriphReset
    apm32f0xx_crs.o(i.CRS_Reset) refers to apm32f0xx_rcm.o(i.RCM_DisableAPB1PeriphReset) for RCM_DisableAPB1PeriphReset
    apm32f0xx_dac.o(i.DAC_Reset) refers to apm32f0xx_rcm.o(i.RCM_EnableAPB1PeriphReset) for RCM_EnableAPB1PeriphReset
    apm32f0xx_dac.o(i.DAC_Reset) refers to apm32f0xx_rcm.o(i.RCM_DisableAPB1PeriphReset) for RCM_DisableAPB1PeriphReset
    apm32f0xx_fmc.o(i.FMC_ConfigOptionByteUser) refers to apm32f0xx_fmc.o(i.FMC_WaitForReady) for FMC_WaitForReady
    apm32f0xx_fmc.o(i.FMC_ConfigReadOutProtection) refers to apm32f0xx_fmc.o(i.FMC_WaitForReady) for FMC_WaitForReady
    apm32f0xx_fmc.o(i.FMC_DisableOptionByteBOOT) refers to apm32f0xx_fmc.o(i.FMC_WaitForReady) for FMC_WaitForReady
    apm32f0xx_fmc.o(i.FMC_DisableOptionByteSRAMParity) refers to apm32f0xx_fmc.o(i.FMC_WaitForReady) for FMC_WaitForReady
    apm32f0xx_fmc.o(i.FMC_DisableOptionByteVDDA) refers to apm32f0xx_fmc.o(i.FMC_WaitForReady) for FMC_WaitForReady
    apm32f0xx_fmc.o(i.FMC_EnableOptionByteBOOT) refers to apm32f0xx_fmc.o(i.FMC_WaitForReady) for FMC_WaitForReady
    apm32f0xx_fmc.o(i.FMC_EnableOptionByteSRAMParity) refers to apm32f0xx_fmc.o(i.FMC_WaitForReady) for FMC_WaitForReady
    apm32f0xx_fmc.o(i.FMC_EnableOptionByteVDDA) refers to apm32f0xx_fmc.o(i.FMC_WaitForReady) for FMC_WaitForReady
    apm32f0xx_fmc.o(i.FMC_EnableWriteProtection) refers to apm32f0xx_fmc.o(i.FMC_WaitForReady) for FMC_WaitForReady
    apm32f0xx_fmc.o(i.FMC_EraseAllPages) refers to apm32f0xx_fmc.o(i.FMC_WaitForReady) for FMC_WaitForReady
    apm32f0xx_fmc.o(i.FMC_EraseOptionByte) refers to apm32f0xx_fmc.o(i.FMC_WaitForReady) for FMC_WaitForReady
    apm32f0xx_fmc.o(i.FMC_ErasePage) refers to apm32f0xx_fmc.o(i.FMC_WaitForReady) for FMC_WaitForReady
    apm32f0xx_fmc.o(i.FMC_ProgramHalfWord) refers to apm32f0xx_fmc.o(i.FMC_WaitForReady) for FMC_WaitForReady
    apm32f0xx_fmc.o(i.FMC_ProgramOptionByteData) refers to apm32f0xx_fmc.o(i.FMC_WaitForReady) for FMC_WaitForReady
    apm32f0xx_fmc.o(i.FMC_ProgramWord) refers to apm32f0xx_fmc.o(i.FMC_WaitForReady) for FMC_WaitForReady
    apm32f0xx_fmc.o(i.FMC_WaitForReady) refers to apm32f0xx_fmc.o(i.FMC_ReadState) for FMC_ReadState
    apm32f0xx_fmc.o(i.FMC_WriteOptionByteUser) refers to apm32f0xx_fmc.o(i.FMC_WaitForReady) for FMC_WaitForReady
    apm32f0xx_gpio.o(i.GPIO_Reset) refers to apm32f0xx_rcm.o(i.RCM_EnableAHBPeriphReset) for RCM_EnableAHBPeriphReset
    apm32f0xx_gpio.o(i.GPIO_Reset) refers to apm32f0xx_rcm.o(i.RCM_DisableAHBPeriphReset) for RCM_DisableAHBPeriphReset
[...]
    ../clib/microlib/longlong.c              0x00000000   Number         0  llshl.o ABSOLUTE
    ../clib/microlib/longlong.c              0x00000000   Number         0  llushr.o ABSOLUTE
    ../clib/microlib/string/memcpy.c         0x00000000   Number         0  memcpyb.o ABSOLUTE
    ../clib/microlib/string/memcpy.c         0x00000000   Number         0  memcpya.o ABSOLUTE
    ../clib/microlib/string/memset.c         0x00000000   Number         0  memseta.o ABSOLUTE
    ../clib/microlib/stubs.s                 0x00000000   Number         0  iusefp.o ABSOLUTE
    ../fplib/microlib/d2f.c                  0x00000000   Number         0  d2f.o ABSOLUTE
    ../fplib/microlib/fpdiv.c                0x00000000   Number         0  ddiv.o ABSOLUTE
    ../fplib/microlib/fpepilogue.c           0x00000000   Number         0  fepilogue.o ABSOLUTE
    ../fplib/microlib/fpepilogue.c           0x00000000   Number         0  depilogue.o ABSOLUTE
    ../fplib/microlib/fpfix.c                0x00000000   Number         0  ffixui.o ABSOLUTE
    ../fplib/microlib/fpflt.c                0x00000000   Number         0  ffltui.o ABSOLUTE
    ../fplib/microlib/fpflt.c                0x00000000   Number         0  dfltui.o ABSOLUTE
    ../fplib/microlib/fpmul.c                0x00000000   Number         0  fmul.o ABSOLUTE
    ..\..\..\..\..\Boards\Board.c            0x00000000   Number         0  board.o ABSOLUTE
    ..\..\..\..\..\Libraries\APM32F0xx_StdPeriphDriver\src\apm32f0xx_adc.c 0x00000000   Number         0  apm32f0xx_adc.o ABSOLUTE
    ..\..\..\..\..\Libraries\APM32F0xx_StdPeriphDriver\src\apm32f0xx_can.c 0x00000000   Number         0  apm32f0xx_can.o ABSOLUTE
    ..\..\..\..\..\Libraries\APM32F0xx_StdPeriphDriver\src\apm32f0xx_cec.c 0x00000000   Number         0  apm32f0xx_cec.o ABSOLUTE
    ..\..\..\..\..\Libraries\APM32F0xx_StdPeriphDriver\src\apm32f0xx_comp.c 0x00000000   Number         0  apm32f0xx_comp.o ABSOLUTE
    ..\..\..\..\..\Libraries\APM32F0xx_StdPeriphDriver\src\apm32f0xx_crc.c 0x00000000   Number         0  apm32f0xx_crc.o ABSOLUTE
    ..\..\..\..\..\Libraries\APM32F0xx_StdPeriphDriver\src\apm32f0xx_crs.c 0x00000000   Number         0  apm32f0xx_crs.o ABSOLUTE
    ..\..\..\..\..\Libraries\APM32F0xx_StdPeriphDriver\src\apm32f0xx_dac.c 0x00000000   Number         0  apm32f0xx_dac.o ABSOLUTE
    ..\..\..\..\..\Libraries\APM32F0xx_StdPeriphDriver\src\apm32f0xx_dbg.c 0x00000000   Number         0  apm32f0xx_dbg.o ABSOLUTE
    ..\..\..\..\..\Libraries\APM32F0xx_StdPeriphDriver\src\apm32f0xx_dma.c 0x00000000   Number         0  apm32f0xx_dma.o ABSOLUTE
    ..\..\..\..\..\Libraries\APM32F0xx_StdPeriphDriver\src\apm32f0xx_eint.c 0x00000000   Number         0  apm32f0xx_eint.o ABSOLUTE
    ..\..\..\..\..\Libraries\APM32F0xx_StdPeriphDriver\src\apm32f0xx_fmc.c 0x00000000   Number         0  apm32f0xx_fmc.o ABSOLUTE
    ..\..\..\..\..\Libraries\APM32F0xx_StdPeriphDriver\src\apm32f0xx_gpio.c 0x00000000   Number         0  apm32f0xx_gpio.o ABSOLUTE
    ..\..\..\..\..\Libraries\APM32F0xx_StdPeriphDriver\src\apm32f0xx_i2c.c 0x00000000   Number         0  apm32f0xx_i2c.o ABSOLUTE
    ..\..\..\..\..\Libraries\APM32F0xx_StdPeriphDriver\src\apm32f0xx_iwdt.c 0x00000000   Number         0  apm32f0xx_iwdt.o ABSOLUTE
    ..\..\..\..\..\Libraries\APM32F0xx_StdPeriphDriver\src\apm32f0xx_misc.c 0x00000000   Number         0  apm32f0xx_misc.o ABSOLUTE
    ..\..\..\..\..\Libraries\APM32F0xx_StdPeriphDriver\src\apm32f0xx_ob.c 0x00000000   Number         0  apm32f0xx_ob.o ABSOLUTE
    ..\..\..\..\..\Libraries\APM32F0xx_StdPeriphDriver\src\apm32f0xx_pmu.c 0x00000000   Number         0  apm32f0xx_pmu.o ABSOLUTE
    ..\..\..\..\..\Libraries\APM32F0xx_StdPeriphDriver\src\apm32f0xx_rcm.c 0x00000000   Number         0  apm32f0xx_rcm.o ABSOLUTE
    ..\..\..\..\..\Libraries\APM32F0xx_StdPeriphDriver\src\apm32f0xx_rtc.c 0x00000000   Number         0  apm32f0xx_rtc.o ABSOLUTE
    ..\..\..\..\..\Libraries\APM32F0xx_StdPeriphDriver\src\apm32f0xx_spi.c 0x00000000   Number         0  apm32f0xx_spi.o ABSOLUTE
    ..\..\..\..\..\Libraries\APM32F0xx_StdPeriphDriver\src\apm32f0xx_syscfg.c 0x00000000   Number         0  apm32f0xx_syscfg.o ABSOLUTE
    ..\..\..\..\..\Libraries\APM32F0xx_StdPeriphDriver\src\apm32f0xx_tmr.c 0x00000000   Number         0  apm32f0xx_tmr.o ABSOLUTE
    ..\..\..\..\..\Libraries\APM32F0xx_StdPeriphDriver\src\apm32f0xx_usart.c 0x00000000   Number         0  apm32f0xx_usart.o ABSOLUTE
    ..\..\..\..\..\Libraries\APM32F0xx_StdPeriphDriver\src\apm32f0xx_wwdt.c 0x00000000   Number         0  apm32f0xx_wwdt.o ABSOLUTE
    ..\..\..\..\..\Libraries\Device\Geehy\APM32F0xx\Source\arm\startup_apm32f030.s 0x00000000   Number         0  startup_apm32f030.o ABSOLUTE
    ..\..\..\..\..\Middlewares\FreeRTOS\FreeRTOSv202012.00\FreeRTOS\Source\croutine.c 0x00000000   Number         0  croutine.o ABSOLUTE
    ..\..\..\..\..\Middlewares\FreeRTOS\FreeRTOSv202012.00\FreeRTOS\Source\event_groups.c 0x00000000   Number         0  event_groups.o ABSOLUTE
    ..\..\..\..\..\Middlewares\FreeRTOS\FreeRTOSv202012.00\FreeRTOS\Source\list.c 0x00000000   Number         0  list.o ABSOLUTE
    ..\..\..\..\..\Middlewares\FreeRTOS\FreeRTOSv202012.00\FreeRTOS\Source\portable\MemMang\heap_4.c 0x00000000   Number         0  heap_4.o ABSOLUTE
    ..\..\..\..\..\Middlewares\FreeRTOS\FreeRTOSv202012.00\FreeRTOS\Source\portable\RVDS\ARM_CM0\port.c 0x00000000   Number         0  port.o ABSOLUTE
    ..\..\..\..\..\Middlewares\FreeRTOS\FreeRTOSv202012.00\FreeRTOS\Source\queue.c 0x00000000   Number         0  queue.o ABSOLUTE
    ..\..\..\..\..\Middlewares\FreeRTOS\FreeRTOSv202012.00\FreeRTOS\Source\stream_buffer.c 0x00000000   Number         0  stream_buffer.o ABSOLUTE
    ..\..\..\..\..\Middlewares\FreeRTOS\FreeRTOSv202012.00\FreeRTOS\Source\tasks.c 0x00000000   Number         0  tasks.o ABSOLUTE
    ..\..\..\..\..\Middlewares\FreeRTOS\FreeRTOSv202012.00\FreeRTOS\Source\timers.c 0x00000000   Number         0  timers.o ABSOLUTE
    ..\..\Source\DMX.c                       0x00000000   Number         0  dmx.o ABSOLUTE
    ..\..\Source\apm32f0xx_int.c             0x00000000   Number         0  apm32f0xx_int.o ABSOLUTE
    ..\..\Source\key.c                       0x00000000   Number         0  key.o ABSOLUTE
    ..\..\Source\main.c                      0x00000000   Number         0  main.o ABSOLUTE
    ..\..\Source\motor.c                     0x00000000   Number         0  motor.o ABSOLUTE
    ..\..\Source\public.c                    0x00000000   Number         0  public.o ABSOLUTE
    ..\..\Source\serv.c                      0x00000000   Number         0  serv.o ABSOLUTE
    ..\..\Source\system_apm32f0xx.c          0x00000000   Number         0  system_apm32f0xx.o ABSOLUTE
    ..\\..\\..\\..\\..\\Boards\\Board.c      0x00000000   Number         0  board.o ABSOLUTE
    ..\\..\\..\\..\\..\\Libraries\\APM32F0xx_StdPeriphDriver\\src\\apm32f0xx_adc.c 0x00000000   Number         0  apm32f0xx_adc.o ABSOLUTE
    ..\\..\\..\\..\\..\\Libraries\\APM32F0xx_StdPeriphDriver\\src\\apm32f0xx_can.c 0x00000000   Number         0  apm32f0xx_can.o ABSOLUTE
    ..\\..\\..\\..\\..\\Libraries\\APM32F0xx_StdPeriphDriver\\src\\apm32f0xx_cec.c 0x00000000   Number         0  apm32f0xx_cec.o ABSOLUTE
    ..\\..\\..\\..\\..\\Libraries\\APM32F0xx_StdPeriphDriver\\src\\apm32f0xx_comp.c 0x00000000   Number         0  apm32f0xx_comp.o ABSOLUTE
    ..\\..\\..\\..\\..\\Libraries\\APM32F0xx_StdPeriphDriver\\src\\apm32f0xx_crc.c 0x00000000   Number         0  apm32f0xx_crc.o ABSOLUTE
    ..\\..\\..\\..\\..\\Libraries\\APM32F0xx_StdPeriphDriver\\src\\apm32f0xx_crs.c 0x00000000   Number         0  apm32f0xx_crs.o ABSOLUTE
    ..\\..\\..\\..\\..\\Libraries\\APM32F0xx_StdPeriphDriver\\src\\apm32f0xx_dac.c 0x00000000   Number         0  apm32f0xx_dac.o ABSOLUTE
    ..\\..\\..\\..\\..\\Libraries\\APM32F0xx_StdPeriphDriver\\src\\apm32f0xx_dbg.c 0x00000000   Number         0  apm32f0xx_dbg.o ABSOLUTE
    ..\\..\\..\\..\\..\\Libraries\\APM32F0xx_StdPeriphDriver\\src\\apm32f0xx_dma.c 0x00000000   Number         0  apm32f0xx_dma.o ABSOLUTE
    ..\\..\\..\\..\\..\\Libraries\\APM32F0xx_StdPeriphDriver\\src\\apm32f0xx_eint.c 0x00000000   Number         0  apm32f0xx_eint.o ABSOLUTE
    ..\\..\\..\\..\\..\\Libraries\\APM32F0xx_StdPeriphDriver\\src\\apm32f0xx_fmc.c 0x00000000   Number         0  apm32f0xx_fmc.o ABSOLUTE
    ..\\..\\..\\..\\..\\Libraries\\APM32F0xx_StdPeriphDriver\\src\\apm32f0xx_gpio.c 0x00000000   Number         0  apm32f0xx_gpio.o ABSOLUTE
    ..\\..\\..\\..\\..\\Libraries\\APM32F0xx_StdPeriphDriver\\src\\apm32f0xx_i2c.c 0x00000000   Number         0  apm32f0xx_i2c.o ABSOLUTE
    ..\\..\\..\\..\\..\\Libraries\\APM32F0xx_StdPeriphDriver\\src\\apm32f0xx_iwdt.c 0x00000000   Number         0  apm32f0xx_iwdt.o ABSOLUTE
    ..\\..\\..\\..\\..\\Libraries\\APM32F0xx_StdPeriphDriver\\src\\apm32f0xx_misc.c 0x00000000   Number         0  apm32f0xx_misc.o ABSOLUTE
    ..\\..\\..\\..\\..\\Libraries\\APM32F0xx_StdPeriphDriver\\src\\apm32f0xx_ob.c 0x00000000   Number         0  apm32f0xx_ob.o ABSOLUTE
    ..\\..\\..\\..\\..\\Libraries\\APM32F0xx_StdPeriphDriver\\src\\apm32f0xx_pmu.c 0x00000000   Number         0  apm32f0xx_pmu.o ABSOLUTE
    ..\\..\\..\\..\\..\\Libraries\\APM32F0xx_StdPeriphDriver\\src\\apm32f0xx_rcm.c 0x00000000   Number         0  apm32f0xx_rcm.o ABSOLUTE
    ..\\..\\..\\..\\..\\Libraries\\APM32F0xx_StdPeriphDriver\\src\\apm32f0xx_rtc.c 0x00000000   Number         0  apm32f0xx_rtc.o ABSOLUTE
    ..\\..\\..\\..\\..\\Libraries\\APM32F0xx_StdPeriphDriver\\src\\apm32f0xx_spi.c 0x00000000   Number         0  apm32f0xx_spi.o ABSOLUTE
    ..\\..\\..\\..\\..\\Libraries\\APM32F0xx_StdPeriphDriver\\src\\apm32f0xx_syscfg.c 0x00000000   Number         0  apm32f0xx_syscfg.o ABSOLUTE
    ..\\..\\..\\..\\..\\Libraries\\APM32F0xx_StdPeriphDriver\\src\\apm32f0xx_tmr.c 0x00000000   Number         0  apm32f0xx_tmr.o ABSOLUTE
    ..\\..\\..\\..\\..\\Libraries\\APM32F0xx_StdPeriphDriver\\src\\apm32f0xx_usart.c 0x00000000   Number         0  apm32f0xx_usart.o ABSOLUTE
    ..\\..\\..\\..\\..\\Libraries\\APM32F0xx_StdPeriphDriver\\src\\apm32f0xx_wwdt.c 0x00000000   Number         0  apm32f0xx_wwdt.o ABSOLUTE
    ..\\..\\..\\..\\..\\Middlewares\\FreeRTOS\\FreeRTOSv202012.00\\FreeRTOS\\Source\\portable\\RVDS\\ARM_CM0\\port.c 0x00000000   Number         0  port.o ABSOLUTE
    ..\\..\\Source\\DMX.c                    0x00000000   Number         0  dmx.o ABSOLUTE
    ..\\..\\Source\\apm32f0xx_int.c          0x00000000   Number         0  apm32f0xx_int.o ABSOLUTE
    ..\\..\\Source\\key.c                    0x00000000   Number         0  key.o ABSOLUTE
    ..\\..\\Source\\main.c                   0x00000000   Number         0  main.o ABSOLUTE
    ..\\..\\Source\\motor.c                  0x00000000   Number         0  motor.o ABSOLUTE
    ..\\..\\Source\\public.c                 0x00000000   Number         0  public.o ABSOLUTE
    ..\\..\\Source\\serv.c                   0x00000000   Number         0  serv.o ABSOLUTE
    ..\\..\\Source\\system_apm32f0xx.c       0x00000000   Number         0  system_apm32f0xx.o ABSOLUTE
    cfrcmple.s                               0x00000000   Number         0  cfrcmple.o ABSOLUTE
    dc.s                                     0x00000000   Number         0  dc.o ABSOLUTE
    handlers.s                               0x00000000   Number         0  handlers.o ABSOLUTE
    init.s                                   0x00000000   Number         0  init.o ABSOLUTE
    RESET                                    0x08000000   Section      184  startup_apm32f030.o(RESET)
    .ARM.Collect$$$$00000000                 0x080000b8   Section        0  entry.o(.ARM.Collect$$$$00000000)
    .ARM.Collect$$$$00000001                 0x080000b8   Section        4  entry2.o(.ARM.Collect$$$$00000001)
    .ARM.Collect$$$$00000004                 0x080000bc   Section        4  entry5.o(.ARM.Collect$$$$00000004)
    .ARM.Collect$$$$00000008                 0x080000c0   Section        0  entry7b.o(.ARM.Collect$$$$00000008)
    .ARM.Collect$$$$0000000A                 0x080000c0   Section        0  entry8b.o(.ARM.Collect$$$$0000000A)
    .ARM.Collect$$$$0000000B                 0x080000c0   Section        8  entry9a.o(.ARM.Collect$$$$0000000B)
    .ARM.Collect$$$$0000000E                 0x080000c8   Section        4  entry12b.o(.ARM.Collect$$$$0000000E)
    .ARM.Collect$$$$0000000F                 0x080000cc   Section        0  entry10a.o(.ARM.Collect$$$$0000000F)
    .ARM.Collect$$$$00000011                 0x080000cc   Section        0  entry11a.o(.ARM.Collect$$$$00000011)
    .ARM.Collect$$$$00002712                 0x080000cc   Section        4  entry2.o(.ARM.Collect$$$$00002712)
    __lit__00000000                          0x080000cc   Data           4  entry2.o(.ARM.Collect$$$$00002712)
    .emb_text                                0x080000d0   Section      120  port.o(.emb_text)
    .text                                    0x08000148   Section       28  startup_apm32f030.o(.text)
    .text                                    0x08000164   Section        0  uidiv.o(.text)
    .text                                    0x08000190   Section        0  idiv.o(.text)
    .text                                    0x080001b8   Section        0  memcpya.o(.text)
    .text                                    0x080001dc   Section        0  memseta.o(.text)
    .text                                    0x08000200   Section        0  fmul.o(.text)
    .text                                    0x0800027c   Section        0  ddiv.o(.text)
    .text                                    0x0800036c   Section        0  ffltui.o(.text)
    .text                                    0x0800037c   Section        0  dfltui.o(.text)
    .text                                    0x08000398   Section        0  ffixui.o(.text)
    .text                                    0x080003c0   Section        0  d2f.o(.text)
    .text                                    0x080003f8   Section       20  cfrcmple.o(.text)
    .text                                    0x0800040c   Section        0  iusefp.o(.text)
    .text                                    0x0800040c   Section        0  fepilogue.o(.text)
    .text                                    0x0800048e   Section        0  depilogue.o(.text)
    .text                                    0x0800054c   Section       36  init.o(.text)
    .text                                    0x08000570   Section        0  llshl.o(.text)
    .text                                    0x08000590   Section        0  llushr.o(.text)
    .text                                    0x080005b2   Section        0  __dczerorl2.o(.text)
    i.APM_MINI_COMInit                       0x08000608   Section        0  board.o(i.APM_MINI_COMInit)
    i.Delay2                                 0x08000740   Section        0  public.o(i.Delay2)
    i.GPIO_Config                            0x08000750   Section        0  apm32f0xx_gpio.o(i.GPIO_Config)
    i.GPIO_ConfigPinAF                       0x080007da   Section        0  apm32f0xx_gpio.o(i.GPIO_ConfigPinAF)
    i.GPIO_ReadInputBit                      0x08000820   Section        0  apm32f0xx_gpio.o(i.GPIO_ReadInputBit)
    i.GPIO_WriteBitValue                     0x08000834   Section        0  apm32f0xx_gpio.o(i.GPIO_WriteBitValue)
    i.HardFault_Handler                      0x08000840   Section        0  apm32f0xx_int.o(i.HardFault_Handler)
    i.Key_Init                               0x08000844   Section        0  key.o(i.Key_Init)
    i.NMI_Handler                            0x080008a0   Section        0  apm32f0xx_int.o(i.NMI_Handler)
    i.NVIC_EnableIRQRequest                  0x080008a4   Section        0  apm32f0xx_misc.o(i.NVIC_EnableIRQRequest)
    i.NVIC_SetPriority                       0x080008c8   Section        0  apm32f0xx_misc.o(i.NVIC_SetPriority)
    NVIC_SetPriority                         0x080008c9   Thumb Code   110  apm32f0xx_misc.o(i.NVIC_SetPriority)
    i.RCM_EnableAHBPeriphClock               0x08000940   Section        0  apm32f0xx_rcm.o(i.RCM_EnableAHBPeriphClock)
    i.RCM_EnableAPB1PeriphClock              0x08000950   Section        0  apm32f0xx_rcm.o(i.RCM_EnableAPB1PeriphClock)
    i.RCM_EnableAPB2PeriphClock              0x08000960   Section        0  apm32f0xx_rcm.o(i.RCM_EnableAPB2PeriphClock)
    i.RCM_ReadPCLKFreq                       0x08000970   Section        0  apm32f0xx_rcm.o(i.RCM_ReadPCLKFreq)
    i.RCM_ReadSYSCLKFreq                     0x080009a4   Section        0  apm32f0xx_rcm.o(i.RCM_ReadSYSCLKFreq)
    i.RCM_ReadUSART1CLKFreq                  0x08000a48   Section        0  apm32f0xx_rcm.o(i.RCM_ReadUSART1CLKFreq)
    i.RCM_ReadUSART2CLKFreq                  0x08000a98   Section        0  apm32f0xx_rcm.o(i.RCM_ReadUSART2CLKFreq)
    i.SVC_Handler                            0x08000ae8   Section        0  port.o(i.SVC_Handler)
    i.Serv_Gpio_Init                         0x08000aea   Section        0  serv.o(i.Serv_Gpio_Init)
    i.Serv_Timer_Init                        0x08000b38   Section        0  serv.o(i.Serv_Timer_Init)
    i.SysTick_Handler                        0x08000bc4   Section        0  port.o(i.SysTick_Handler)
    i.SystemClock48M                         0x08000be8   Section        0  system_apm32f0xx.o(i.SystemClock48M)
    SystemClock48M                           0x08000be9   Thumb Code   210  system_apm32f0xx.o(i.SystemClock48M)
    i.SystemClockConfig                      0x08000cc4   Section        0  system_apm32f0xx.o(i.SystemClockConfig)
    SystemClockConfig                        0x08000cc5   Thumb Code     8  system_apm32f0xx.o(i.SystemClockConfig)
    i.SystemInit                             0x08000ccc   Section        0  system_apm32f0xx.o(i.SystemInit)
    i.TMR1_BRK_UP_TRG_COM_IRQHandler         0x08000d54   Section        0  motor.o(i.TMR1_BRK_UP_TRG_COM_IRQHandler)
    i.TMR_ClearIntFlag                       0x08000d94   Section        0  apm32f0xx_tmr.o(i.TMR_ClearIntFlag)
    i.TMR_ConfigInternalClock                0x08000d9a   Section        0  apm32f0xx_tmr.o(i.TMR_ConfigInternalClock)
    i.TMR_ConfigTimeBase                     0x08000da4   Section        0  apm32f0xx_tmr.o(i.TMR_ConfigTimeBase)
    i.TMR_ConfigTimeBaseStruct               0x08000e3c   Section        0  apm32f0xx_tmr.o(i.TMR_ConfigTimeBaseStruct)
    i.TMR_Enable                             0x08000e4e   Section        0  apm32f0xx_tmr.o(i.TMR_Enable)
    i.TMR_EnableAUTOReload                   0x08000e5a   Section        0  apm32f0xx_tmr.o(i.TMR_EnableAUTOReload)
    i.TMR_EnableInterrupt                    0x08000e66   Section        0  apm32f0xx_tmr.o(i.TMR_EnableInterrupt)
    i.TMR_EnablePWMOutputs                   0x08000e6e   Section        0  apm32f0xx_tmr.o(i.TMR_EnablePWMOutputs)
    i.TMR_OC1Config                          0x08000e7c   Section        0  apm32f0xx_tmr.o(i.TMR_OC1Config)
    i.TMR_OC2Config                          0x08000f48   Section        0  apm32f0xx_tmr.o(i.TMR_OC2Config)
    i.TMR_OC3Config                          0x08001010   Section        0  apm32f0xx_tmr.o(i.TMR_OC3Config)
    i.TMR_OC4Config                          0x080010d8   Section        0  apm32f0xx_tmr.o(i.TMR_OC4Config)
    i.TMR_ReadIntFlag                        0x0800115c   Section        0  apm32f0xx_tmr.o(i.TMR_ReadIntFlag)
    i.TMR_SetCompare1                        0x08001176   Section        0  apm32f0xx_tmr.o(i.TMR_SetCompare1)
    i.TMR_SetCompare2                        0x0800117a   Section        0  apm32f0xx_tmr.o(i.TMR_SetCompare2)
    i.TMR_SetCompare3                        0x0800117e   Section        0  apm32f0xx_tmr.o(i.TMR_SetCompare3)
    i.TMR_SetCompare4                        0x08001182   Section        0  apm32f0xx_tmr.o(i.TMR_SetCompare4)
    i.USART1_IRQHandler                      0x08001188   Section        0  dmx.o(i.USART1_IRQHandler)
    i.USART_ClearStatusFlag                  0x080011d4   Section        0  apm32f0xx_usart.o(i.USART_ClearStatusFlag)
    i.USART_Config                           0x080011d8   Section        0  apm32f0xx_usart.o(i.USART_Config)
    i.USART_Enable                           0x08001288   Section        0  apm32f0xx_usart.o(i.USART_Enable)
    i.USART_EnableInterrupt                  0x08001294   Section        0  apm32f0xx_usart.o(i.USART_EnableInterrupt)
    i.USART_Init                             0x080012e0   Section        0  dmx.o(i.USART_Init)
    i.USART_ReadStatusFlag                   0x0800132c   Section        0  apm32f0xx_usart.o(i.USART_ReadStatusFlag)
    i.USART_RxData                           0x0800133e   Section        0  apm32f0xx_usart.o(i.USART_RxData)
    i.UserTaskCreate                         0x08001348   Section        0  main.o(i.UserTaskCreate)
    UserTaskCreate                           0x08001349   Thumb Code    84  main.o(i.UserTaskCreate)
    i.__ARM_clz                              0x080013e8   Section        0  depilogue.o(i.__ARM_clz)
    i.__ARM_common_switch8                   0x08001416   Section        0  apm32f0xx_rtc.o(i.__ARM_common_switch8)
    i.__scatterload_copy                     0x08001432   Section       14  handlers.o(i.__scatterload_copy)
    i.__scatterload_null                     0x08001440   Section        2  handlers.o(i.__scatterload_null)
    i.__scatterload_zeroinit                 0x08001442   Section       14  handlers.o(i.__scatterload_zeroinit)
    i.main                                   0x08001450   Section        0  main.o(i.main)
    i.motor_gpio_init                        0x08001478   Section        0  motor.o(i.motor_gpio_init)
    i.motor_left                             0x080014f4   Section        0  motor.o(i.motor_left)
    i.motor_right                            0x08001550   Section        0  motor.o(i.motor_right)
    i.motor_run                              0x080015ac   Section        0  motor.o(i.motor_run)
    i.motor_timer_init                       0x08001bb8   Section        0  motor.o(i.motor_timer_init)
    i.prvAddCurrentTaskToDelayedList         0x08001c6c   Section        0  tasks.o(i.prvAddCurrentTaskToDelayedList)
    prvAddCurrentTaskToDelayedList           0x08001c6d   Thumb Code   100  tasks.o(i.prvAddCurrentTaskToDelayedList)
    i.prvAddNewTaskToReadyList               0x08001ce8   Section        0  tasks.o(i.prvAddNewTaskToReadyList)
    prvAddNewTaskToReadyList                 0x08001ce9   Thumb Code   146  tasks.o(i.prvAddNewTaskToReadyList)
    i.prvCheckForValidListAndQueue           0x08001d94   Section        0  timers.o(i.prvCheckForValidListAndQueue)
    prvCheckForValidListAndQueue             0x08001d95   Thumb Code    76  timers.o(i.prvCheckForValidListAndQueue)
    i.prvCheckTasksWaitingTermination        0x08001dfc   Section        0  tasks.o(i.prvCheckTasksWaitingTermination)
    prvCheckTasksWaitingTermination          0x08001dfd   Thumb Code    60  tasks.o(i.prvCheckTasksWaitingTermination)
    i.prvCopyDataFromQueue                   0x08001e44   Section        0  queue.o(i.prvCopyDataFromQueue)
    prvCopyDataFromQueue                     0x08001e45   Thumb Code    44  queue.o(i.prvCopyDataFromQueue)
    i.prvCopyDataToQueue                     0x08001e70   Section        0  queue.o(i.prvCopyDataToQueue)
    prvCopyDataToQueue                       0x08001e71   Thumb Code   128  queue.o(i.prvCopyDataToQueue)
    i.prvDeleteTCB                           0x08001ef0   Section        0  tasks.o(i.prvDeleteTCB)
    prvDeleteTCB                             0x08001ef1   Thumb Code    18  tasks.o(i.prvDeleteTCB)
    i.prvGetNextExpireTime                   0x08001f04   Section        0  timers.o(i.prvGetNextExpireTime)
    prvGetNextExpireTime                     0x08001f05   Thumb Code    40  timers.o(i.prvGetNextExpireTime)
    i.prvHeapInit                            0x08001f30   Section        0  heap_4.o(i.prvHeapInit)
    prvHeapInit                              0x08001f31   Thumb Code   100  heap_4.o(i.prvHeapInit)
    i.prvIdleTask                            0x08001fac   Section        0  tasks.o(i.prvIdleTask)
    prvIdleTask                              0x08001fad   Thumb Code    20  tasks.o(i.prvIdleTask)
    i.prvInitialiseNewQueue                  0x08001fc4   Section        0  queue.o(i.prvInitialiseNewQueue)
    prvInitialiseNewQueue                    0x08001fc5   Thumb Code    44  queue.o(i.prvInitialiseNewQueue)
    i.prvInitialiseNewTask                   0x08001ff0   Section        0  tasks.o(i.prvInitialiseNewTask)
    prvInitialiseNewTask                     0x08001ff1   Thumb Code   160  tasks.o(i.prvInitialiseNewTask)
    i.prvInitialiseTaskLists                 0x08002090   Section        0  tasks.o(i.prvInitialiseTaskLists)
    prvInitialiseTaskLists                   0x08002091   Thumb Code    68  tasks.o(i.prvInitialiseTaskLists)
    i.prvInsertBlockIntoFreeList             0x080020f4   Section        0  heap_4.o(i.prvInsertBlockIntoFreeList)
    prvInsertBlockIntoFreeList               0x080020f5   Thumb Code    96  heap_4.o(i.prvInsertBlockIntoFreeList)
    i.prvInsertTimerInActiveList             0x0800215c   Section        0  timers.o(i.prvInsertTimerInActiveList)
    prvInsertTimerInActiveList               0x0800215d   Thumb Code    76  timers.o(i.prvInsertTimerInActiveList)
    i.prvIsQueueEmpty                        0x080021b0   Section        0  queue.o(i.prvIsQueueEmpty)
    prvIsQueueEmpty                          0x080021b1   Thumb Code    28  queue.o(i.prvIsQueueEmpty)
    i.prvIsQueueFull                         0x080021cc   Section        0  queue.o(i.prvIsQueueFull)
    prvIsQueueFull                           0x080021cd   Thumb Code    30  queue.o(i.prvIsQueueFull)
    i.prvProcessExpiredTimer                 0x080021ec   Section        0  timers.o(i.prvProcessExpiredTimer)
    prvProcessExpiredTimer                   0x080021ed   Thumb Code    90  timers.o(i.prvProcessExpiredTimer)
    i.prvProcessReceivedCommands             0x0800224c   Section        0  timers.o(i.prvProcessReceivedCommands)
    prvProcessReceivedCommands               0x0800224d   Thumb Code   256  timers.o(i.prvProcessReceivedCommands)
    i.prvProcessTimerOrBlockTask             0x08002350   Section        0  timers.o(i.prvProcessTimerOrBlockTask)
    prvProcessTimerOrBlockTask               0x08002351   Thumb Code   100  timers.o(i.prvProcessTimerOrBlockTask)
    i.prvResetNextTaskUnblockTime            0x080023bc   Section        0  tasks.o(i.prvResetNextTaskUnblockTime)
    prvResetNextTaskUnblockTime              0x080023bd   Thumb Code    44  tasks.o(i.prvResetNextTaskUnblockTime)
    i.prvSampleTimeNow                       0x080023f0   Section        0  timers.o(i.prvSampleTimeNow)
    prvSampleTimeNow                         0x080023f1   Thumb Code    40  timers.o(i.prvSampleTimeNow)
    i.prvSwitchTimerLists                    0x0800241c   Section        0  timers.o(i.prvSwitchTimerLists)
    prvSwitchTimerLists                      0x0800241d   Thumb Code   126  timers.o(i.prvSwitchTimerLists)
    i.prvTaskExitError                       0x080024a4   Section        0  port.o(i.prvTaskExitError)
    prvTaskExitError                         0x080024a5   Thumb Code     6  port.o(i.prvTaskExitError)
    i.prvTimerTask                           0x080024aa   Section        0  timers.o(i.prvTimerTask)
    prvTimerTask                             0x080024ab   Thumb Code    26  timers.o(i.prvTimerTask)
    i.prvUnlockQueue                         0x080024c4   Section        0  queue.o(i.prvUnlockQueue)
    prvUnlockQueue                           0x080024c5   Thumb Code   142  queue.o(i.prvUnlockQueue)
    i.pvPortMalloc                           0x08002554   Section        0  heap_4.o(i.pvPortMalloc)
    i.pxPortInitialiseStack                  0x08002650   Section        0  port.o(i.pxPortInitialiseStack)
    i.uxListRemove                           0x08002670   Section        0  list.o(i.uxListRemove)
    i.vListInitialise                        0x08002698   Section        0  list.o(i.vListInitialise)
    i.vListInitialiseItem                    0x080026b2   Section        0  list.o(i.vListInitialiseItem)
    i.vListInsert                            0x080026b8   Section        0  list.o(i.vListInsert)
    i.vListInsertEnd                         0x080026ee   Section        0  list.o(i.vListInsertEnd)
    i.vPortEnterCritical                     0x08002708   Section        0  port.o(i.vPortEnterCritical)
    i.vPortExitCritical                      0x08002724   Section        0  port.o(i.vPortExitCritical)
    i.vPortFree                              0x08002740   Section        0  heap_4.o(i.vPortFree)
    i.vPortSetupTimerInterrupt               0x0800279c   Section        0  port.o(i.vPortSetupTimerInterrupt)
    i.vPortYield                             0x080027c8   Section        0  port.o(i.vPortYield)
    i.vQueueAddToRegistry                    0x080027e0   Section        0  queue.o(i.vQueueAddToRegistry)
    i.vQueueWaitForMessageRestricted         0x0800280c   Section        0  queue.o(i.vQueueWaitForMessageRestricted)
    i.vTaskDelay                             0x08002858   Section        0  tasks.o(i.vTaskDelay)
    i.vTaskInternalSetTimeOutState           0x08002880   Section        0  tasks.o(i.vTaskInternalSetTimeOutState)
    i.vTaskKey                               0x08002898   Section        0  main.o(i.vTaskKey)
    i.vTaskMissedYield                       0x0800294c   Section        0  tasks.o(i.vTaskMissedYield)
    i.vTaskMotor                             0x08002958   Section        0  main.o(i.vTaskMotor)
    i.vTaskPlaceOnEventList                  0x08002a1c   Section        0  tasks.o(i.vTaskPlaceOnEventList)
    i.vTaskPlaceOnEventListRestricted        0x08002a3c   Section        0  tasks.o(i.vTaskPlaceOnEventListRestricted)
    i.vTaskServ                              0x08002a68   Section        0  main.o(i.vTaskServ)
    i.vTaskStartScheduler                    0x08002b38   Section        0  tasks.o(i.vTaskStartScheduler)
    i.vTaskSuspendAll                        0x08002ba0   Section        0  tasks.o(i.vTaskSuspendAll)
    i.vTaskSwitchContext                     0x08002bb0   Section        0  tasks.o(i.vTaskSwitchContext)
    i.vTaskUart1                             0x08002c28   Section        0  main.o(i.vTaskUart1)
    i.xPortStartScheduler                    0x08002c38   Section        0  port.o(i.xPortStartScheduler)
    i.xQueueGenericCreate                    0x08002c70   Section        0  queue.o(i.xQueueGenericCreate)
    i.xQueueGenericReset                     0x08002caa   Section        0  queue.o(i.xQueueGenericReset)
    i.xQueueGenericSend                      0x08002d22   Section        0  queue.o(i.xQueueGenericSend)
    i.xQueueGenericSendFromISR               0x08002e1e   Section        0  queue.o(i.xQueueGenericSendFromISR)
    i.xQueueReceive                          0x08002e9e   Section        0  queue.o(i.xQueueReceive)
    i.xTaskCheckForTimeOut                   0x08002f8c   Section        0  tasks.o(i.xTaskCheckForTimeOut)
    i.xTaskCreate                            0x08002ff0   Section        0  tasks.o(i.xTaskCreate)
    i.xTaskGetSchedulerState                 0x0800304c   Section        0  tasks.o(i.xTaskGetSchedulerState)
    i.xTaskGetTickCount                      0x08003070   Section        0  tasks.o(i.xTaskGetTickCount)
    i.xTaskIncrementTick                     0x0800307c   Section        0  tasks.o(i.xTaskIncrementTick)
    i.xTaskPriorityDisinherit                0x0800319c   Section        0  tasks.o(i.xTaskPriorityDisinherit)
    i.xTaskRemoveFromEventList               0x080031fc   Section        0  tasks.o(i.xTaskRemoveFromEventList)
    i.xTaskResumeAll                         0x0800327c   Section        0  tasks.o(i.xTaskResumeAll)
    i.xTimerCreateTimerTask                  0x0800335c   Section        0  timers.o(i.xTimerCreateTimerTask)
    i.xTimerGenericCommand                   0x0800339c   Section        0  timers.o(i.xTimerGenericCommand)
    .constdata                               0x08003404   Section       64  board.o(.constdata)
    .constdata                               0x08003444   Section     2880  motor.o(.constdata)
    s_ministep                               0x08003444   Data         288  motor.o(.constdata)
    s_stepstart                              0x08003564   Data         288  motor.o(.constdata)
    s_stepstart_b                            0x08003684   Data         288  motor.o(.constdata)
    s_stepnum                                0x080037a4   Data         288  motor.o(.constdata)
    s_step_val_rate                          0x080038c4   Data         288  motor.o(.constdata)
    .data                                    0x20000000   Section        4  system_apm32f0xx.o(.data)
    .data                                    0x20000004   Section       40  board.o(.data)
    .data                                    0x2000002c   Section      147  main.o(.data)
    s_ministep_i                             0x2000002c   Data           2  main.o(.data)
    s_count                                  0x2000002e   Data           2  main.o(.data)
    strength                                 0x20000030   Data           4  main.o(.data)
    step_add                                 0x20000034   Data           4  main.o(.data)
    step_val_rate                            0x20000038   Data           4  main.o(.data)
    step_repeat                              0x2000003c   Data           4  main.o(.data)
    step_repeat_c                            0x20000040   Data           4  main.o(.data)
    step_jump                                0x20000044   Data           4  main.o(.data)
    step_val_idx                             0x20000048   Data           4  main.o(.data)
    step_val_tmp                             0x2000004c   Data           4  main.o(.data)
    step_val1                                0x20000050   Data           4  main.o(.data)
    step_val2                                0x20000054   Data           4  main.o(.data)
    motor_dir                                0x20000058   Data           1  main.o(.data)
    ministep                                 0x2000005a   Data           2  main.o(.data)
    stepstage1                               0x2000005c   Data           2  main.o(.data)
    stepstage2                               0x2000005e   Data           2  main.o(.data)
    stepstage3                               0x20000060   Data           2  main.o(.data)
    stepstage4                               0x20000062   Data           2  main.o(.data)
    step_start                               0x20000064   Data           1  main.o(.data)
    step_num                                 0x20000066   Data           2  main.o(.data)
    step_num_c                               0x20000068   Data           2  main.o(.data)
    ministep_c                               0x2000006c   Data           4  main.o(.data)
    timeout1                                 0x20000070   Data           4  main.o(.data)
    m_total_step                             0x20000074   Data           2  main.o(.data)
    m_cur_pos                                0x20000076   Data           2  main.o(.data)
    m_dest_pos                               0x20000078   Data           2  main.o(.data)
    m_dest_dir                               0x2000007a   Data           2  main.o(.data)
    m_cur_speed                              0x2000007c   Data           2  main.o(.data)
    m_cur_dir                                0x2000007e   Data           2  main.o(.data)
    m_cur_stepnum                            0x20000080   Data           2  main.o(.data)
    xHandleTaskLedToggle                     0x20000084   Data           4  main.o(.data)
    xHandleTaskKey                           0x20000088   Data           4  main.o(.data)
    xHandleTaskMotor                         0x2000008c   Data           4  main.o(.data)
    xHandleTaskUart1                         0x20000090   Data           4  main.o(.data)
    xHandleTaskServ                          0x20000094   Data           4  main.o(.data)
    val                                      0x200000b0   Data           4  main.o(.data)
    keyData_o                                0x200000b4   Data           2  main.o(.data)
    keyData1                                 0x200000b6   Data           2  main.o(.data)
    keyData2                                 0x200000b8   Data           2  main.o(.data)
    keyData3                                 0x200000ba   Data           2  main.o(.data)
    retry                                    0x200000bc   Data           2  main.o(.data)
    keyData_i                                0x200000be   Data           1  main.o(.data)
    .data                                    0x200000c0   Section       94  motor.o(.data)
    s_ministep_i                             0x200000c0   Data           2  motor.o(.data)
    s_count                                  0x200000c2   Data           2  motor.o(.data)
    strength                                 0x200000c4   Data           4  motor.o(.data)
    step_add                                 0x200000c8   Data           4  motor.o(.data)
    step_val_rate                            0x200000cc   Data           4  motor.o(.data)
    step_repeat                              0x200000d0   Data           4  motor.o(.data)
    step_repeat_c                            0x200000d4   Data           4  motor.o(.data)
    step_jump                                0x200000d8   Data           4  motor.o(.data)
    step_val_idx                             0x200000dc   Data           4  motor.o(.data)
    step_val_tmp                             0x200000e0   Data           4  motor.o(.data)
    step_val1                                0x200000e4   Data           4  motor.o(.data)
    step_val2                                0x200000e8   Data           4  motor.o(.data)
    motor_dir                                0x200000ec   Data           1  motor.o(.data)
    ministep                                 0x200000ee   Data           2  motor.o(.data)
    stepstage1                               0x200000f0   Data           2  motor.o(.data)
    stepstage2                               0x200000f2   Data           2  motor.o(.data)
    stepstage3                               0x200000f4   Data           2  motor.o(.data)
    stepstage4                               0x200000f6   Data           2  motor.o(.data)
    step_start                               0x200000f8   Data           1  motor.o(.data)
    step_num                                 0x200000fa   Data           2  motor.o(.data)
    step_num_c                               0x200000fc   Data           2  motor.o(.data)
    ministep_c                               0x20000100   Data           4  motor.o(.data)
    timeout1                                 0x20000104   Data           4  motor.o(.data)
    m_total_step                             0x20000108   Data           2  motor.o(.data)
    m_cur_pos                                0x2000010a   Data           2  motor.o(.data)
    m_dest_pos                               0x2000010c   Data           2  motor.o(.data)
    m_dest_dir                               0x2000010e   Data           2  motor.o(.data)
    m_cur_speed                              0x20000110   Data           2  motor.o(.data)
    m_cur_dir                                0x20000112   Data           2  motor.o(.data)
    m_cur_stepnum                            0x20000114   Data           2  motor.o(.data)
    dcount                                   0x20000118   Data           4  motor.o(.data)
    .data                                    0x20000120   Section       32  heap_4.o(.data)
    xStart                                   0x20000120   Data           8  heap_4.o(.data)
    pxEnd                                    0x20000128   Data           4  heap_4.o(.data)
    xFreeBytesRemaining                      0x2000012c   Data           4  heap_4.o(.data)
    xMinimumEverFreeBytesRemaining           0x20000130   Data           4  heap_4.o(.data)
    xNumberOfSuccessfulAllocations           0x20000134   Data           4  heap_4.o(.data)
    xNumberOfSuccessfulFrees                 0x20000138   Data           4  heap_4.o(.data)
    xBlockAllocatedBit                       0x2000013c   Data           4  heap_4.o(.data)
    .data                                    0x20000140   Section       64  tasks.o(.data)
    pxDelayedTaskList                        0x20000144   Data           4  tasks.o(.data)
    pxOverflowDelayedTaskList                0x20000148   Data           4  tasks.o(.data)
    uxDeletedTasksWaitingCleanUp             0x2000014c   Data           4  tasks.o(.data)
    uxCurrentNumberOfTasks                   0x20000150   Data           4  tasks.o(.data)
    xTickCount                               0x20000154   Data           4  tasks.o(.data)
    uxTopReadyPriority                       0x20000158   Data           4  tasks.o(.data)
    xSchedulerRunning                        0x2000015c   Data           4  tasks.o(.data)
    xPendedTicks                             0x20000160   Data           4  tasks.o(.data)
    xYieldPending                            0x20000164   Data           4  tasks.o(.data)
    xNumOfOverflows                          0x20000168   Data           4  tasks.o(.data)
    uxTaskNumber                             0x2000016c   Data           4  tasks.o(.data)
    xNextTaskUnblockTime                     0x20000170   Data           4  tasks.o(.data)
    xIdleTaskHandle                          0x20000174   Data           4  tasks.o(.data)
    uxSchedulerSuspended                     0x2000017c   Data           4  tasks.o(.data)
    .data                                    0x20000180   Section       20  timers.o(.data)
    pxCurrentTimerList                       0x20000180   Data           4  timers.o(.data)
    pxOverflowTimerList                      0x20000184   Data           4  timers.o(.data)
    xTimerQueue                              0x20000188   Data           4  timers.o(.data)
    xTimerTaskHandle                         0x2000018c   Data           4  timers.o(.data)
    xLastTime                                0x20000190   Data           4  timers.o(.data)
    .data                                    0x20000194   Section        4  port.o(.data)
    uxCriticalNesting                        0x20000194   Data           4  port.o(.data)
    .bss                                     0x20000198   Section       64  dmx.o(.bss)
    .bss                                     0x200001d8   Section     5120  heap_4.o(.bss)
    ucHeap                                   0x200001d8   Data        5120  heap_4.o(.bss)
    .bss                                     0x200015d8   Section       64  queue.o(.bss)
    .bss                                     0x20001618   Section      200  tasks.o(.bss)
    pxReadyTasksLists                        0x20001618   Data         100  tasks.o(.bss)
    xDelayedTaskList1                        0x2000167c   Data          20  tasks.o(.bss)
    xDelayedTaskList2                        0x20001690   Data          20  tasks.o(.bss)
    xPendingReadyList                        0x200016a4   Data          20  tasks.o(.bss)
    xTasksWaitingTermination                 0x200016b8   Data          20  tasks.o(.bss)
    xSuspendedTaskList                       0x200016cc   Data          20  tasks.o(.bss)
    .bss                                     0x200016e0   Section       40  timers.o(.bss)
    xActiveTimerList1                        0x200016e0   Data          20  timers.o(.bss)
    xActiveTimerList2                        0x200016f4   Data          20  timers.o(.bss)
    STACK                                    0x20001708   Section     1024  startup_apm32f030.o(STACK)

    Global Symbols

    Symbol Name                              Value     Ov Type        Size  Object(Section)

    BuildAttributes$$THM_ISAv3M$S$PE$A:L22$X:L11$S22$IEEE1$IW$USESV6$~STKCKD$USESV7$~SHL$OTIME$ROPI$EBA8$MICROLIB$REQ8$PRES8$EABIv2 0x00000000   Number         0  anon$$obj.o ABSOLUTE
    __ARM_use_no_argv                        0x00000000   Number         0  main.o ABSOLUTE
    __arm_fini_                               - Undefined Weak Reference
    __cpp_initialize__aeabi_                  - Undefined Weak Reference
    __cxa_finalize                            - Undefined Weak Reference
    _clock_init                               - Undefined Weak Reference
    _microlib_exit                            - Undefined Weak Reference
    __Vectors_Size                           0x000000b8   Number         0  startup_apm32f030.o ABSOLUTE
    __Vectors                                0x08000000   Data           4  startup_apm32f030.o(RESET)
    __Vectors_End                            0x080000b8   Data           0  startup_apm32f030.o(RESET)
    __main                                   0x080000b9   Thumb Code     0  entry.o(.ARM.Collect$$$$00000000)
    _main_stk                                0x080000b9   Thumb Code     0  entry2.o(.ARM.Collect$$$$00000001)
    _main_scatterload                        0x080000bd   Thumb Code     0  entry5.o(.ARM.Collect$$$$00000004)
    __main_after_scatterload                 0x080000c1   Thumb Code     0  entry5.o(.ARM.Collect$$$$00000004)
    _main_clock                              0x080000c1   Thumb Code     0  entry7b.o(.ARM.Collect$$$$00000008)
    _main_cpp_init                           0x080000c1   Thumb Code     0  entry8b.o(.ARM.Collect$$$$0000000A)
    _main_init                               0x080000c1   Thumb Code     0  entry9a.o(.ARM.Collect$$$$0000000B)
    __rt_lib_shutdown_fini                   0x080000c9   Thumb Code     0  entry12b.o(.ARM.Collect$$$$0000000E)
    __rt_final_cpp                           0x080000cd   Thumb Code     0  entry10a.o(.ARM.Collect$$$$0000000F)
    __rt_final_exit                          0x080000cd   Thumb Code     0  entry11a.o(.ARM.Collect$$$$00000011)
    __asm___6_port_c_39a90d8d__prvPortStartFirstTask 0x080000d1   Thumb Code    36  port.o(.emb_text)
    ulSetInterruptMaskFromISR                0x080000f9   Thumb Code     8  port.o(.emb_text)
    vClearInterruptMaskFromISR               0x08000101   Thumb Code     6  port.o(.emb_text)
    PendSV_Handler                           0x08000107   Thumb Code    62  port.o(.emb_text)
    Reset_Handler                            0x08000149   Thumb Code     8  startup_apm32f030.o(.text)
    ADC1_IRQHandler                          0x0800015b   Thumb Code     0  startup_apm32f030.o(.text)
    DMA1_CH1_IRQHandler                      0x0800015b   Thumb Code     0  startup_apm32f030.o(.text)
    DMA1_CH2_3_IRQHandler                    0x0800015b   Thumb Code     0  startup_apm32f030.o(.text)
    DMA1_CH4_5_IRQHandler                    0x0800015b   Thumb Code     0  startup_apm32f030.o(.text)
    EINT0_1_IRQHandler                       0x0800015b   Thumb Code     0  startup_apm32f030.o(.text)
    EINT2_3_IRQHandler                       0x0800015b   Thumb Code     0  startup_apm32f030.o(.text)
    EINT4_15_IRQHandler                      0x0800015b   Thumb Code     0  startup_apm32f030.o(.text)
    FLASH_IRQHandler                         0x0800015b   Thumb Code     0  startup_apm32f030.o(.text)
    I2C1_IRQHandler                          0x0800015b   Thumb Code     0  startup_apm32f030.o(.text)
    I2C2_IRQHandler                          0x0800015b   Thumb Code     0  startup_apm32f030.o(.text)
    RCM_IRQHandler                           0x0800015b   Thumb Code     0  startup_apm32f030.o(.text)
    RTC_IRQHandler                           0x0800015b   Thumb Code     0  startup_apm32f030.o(.text)
    SPI1_IRQHandler                          0x0800015b   Thumb Code     0  startup_apm32f030.o(.text)
    SPI2_IRQHandler                          0x0800015b   Thumb Code     0  startup_apm32f030.o(.text)
    TMR14_IRQHandler                         0x0800015b   Thumb Code     0  startup_apm32f030.o(.text)
    TMR15_IRQHandler                         0x0800015b   Thumb Code     0  startup_apm32f030.o(.text)
    TMR16_IRQHandler                         0x0800015b   Thumb Code     0  startup_apm32f030.o(.text)
    TMR17_IRQHandler                         0x0800015b   Thumb Code     0  startup_apm32f030.o(.text)
    TMR1_CC_IRQHandler                       0x0800015b   Thumb Code     0  startup_apm32f030.o(.text)
    TMR3_IRQHandler                          0x0800015b   Thumb Code     0  startup_apm32f030.o(.text)
    TMR6_IRQHandler                          0x0800015b   Thumb Code     0  startup_apm32f030.o(.text)
    TMR7_IRQHandler                          0x0800015b   Thumb Code     0  startup_apm32f030.o(.text)
    USART2_IRQHandler                        0x0800015b   Thumb Code     0  startup_apm32f030.o(.text)
    USART3_6_IRQHandler                      0x0800015b   Thumb Code     0  startup_apm32f030.o(.text)
    WWDT_IRQHandler                          0x0800015b   Thumb Code     0  startup_apm32f030.o(.text)
    __aeabi_uidiv                            0x08000165   Thumb Code     0  uidiv.o(.text)
    __aeabi_uidivmod                         0x08000165   Thumb Code    44  uidiv.o(.text)
    __aeabi_idiv                             0x08000191   Thumb Code     0  idiv.o(.text)
    __aeabi_idivmod                          0x08000191   Thumb Code    40  idiv.o(.text)
    __aeabi_memcpy                           0x080001b9   Thumb Code    36  memcpya.o(.text)
    __aeabi_memcpy4                          0x080001b9   Thumb Code     0  memcpya.o(.text)
    __aeabi_memcpy8                          0x080001b9   Thumb Code     0  memcpya.o(.text)
    __aeabi_memset                           0x080001dd   Thumb Code    14  memseta.o(.text)
    __aeabi_memset4                          0x080001dd   Thumb Code     0  memseta.o(.text)
    __aeabi_memset8                          0x080001dd   Thumb Code     0  memseta.o(.text)
    __aeabi_memclr                           0x080001eb   Thumb Code     4  memseta.o(.text)
    __aeabi_memclr4                          0x080001eb   Thumb Code     0  memseta.o(.text)
    __aeabi_memclr8                          0x080001eb   Thumb Code     0  memseta.o(.text)
    _memset$wrapper                          0x080001ef   Thumb Code    18  memseta.o(.text)
    __aeabi_fmul                             0x08000201   Thumb Code   122  fmul.o(.text)
    __aeabi_ddiv                             0x0800027d   Thumb Code   234  ddiv.o(.text)
    __aeabi_ui2f                             0x0800036d   Thumb Code    14  ffltui.o(.text)
    __aeabi_ui2d                             0x0800037d   Thumb Code    24  dfltui.o(.text)
    __aeabi_f2uiz                            0x08000399   Thumb Code    40  ffixui.o(.text)
    __aeabi_d2f                              0x080003c1   Thumb Code    56  d2f.o(.text)
    __aeabi_cfrcmple                         0x080003f9   Thumb Code    20  cfrcmple.o(.text)
    __I$use$fp                               0x0800040d   Thumb Code     0  iusefp.o(.text)
    _float_round                             0x0800040d   Thumb Code    16  fepilogue.o(.text)
    _float_epilogue                          0x0800041d   Thumb Code   114  fepilogue.o(.text)
    _double_round                            0x0800048f   Thumb Code    26  depilogue.o(.text)
    _double_epilogue                         0x080004a9   Thumb Code   164  depilogue.o(.text)
    __scatterload                            0x0800054d   Thumb Code    28  init.o(.text)
    __scatterload_rt2                        0x0800054d   Thumb Code     0  init.o(.text)
    __aeabi_llsl                             0x08000571   Thumb Code    32  llshl.o(.text)
    _ll_shift_l                              0x08000571   Thumb Code     0  llshl.o(.text)
    __aeabi_llsr                             0x08000591   Thumb Code    34  llushr.o(.text)
    _ll_ushift_r                             0x08000591   Thumb Code     0  llushr.o(.text)
    __decompress                             0x080005b3   Thumb Code     0  __dczerorl2.o(.text)
    __decompress1                            0x080005b3   Thumb Code    86  __dczerorl2.o(.text)
    APM_MINI_COMInit                         0x08000609   Thumb Code   254  board.o(i.APM_MINI_COMInit)
    Delay2                                   0x08000741   Thumb Code    16  public.o(i.Delay2)
    GPIO_Config                              0x08000751   Thumb Code   138  apm32f0xx_gpio.o(i.GPIO_Config)
    GPIO_ConfigPinAF                         0x080007db   Thumb Code    70  apm32f0xx_gpio.o(i.GPIO_ConfigPinAF)
    GPIO_ReadInputBit                        0x08000821   Thumb Code    20  apm32f0xx_gpio.o(i.GPIO_ReadInputBit)
    GPIO_WriteBitValue                       0x08000835   Thumb Code    12  apm32f0xx_gpio.o(i.GPIO_WriteBitValue)
    HardFault_Handler                        0x08000841   Thumb Code     2  apm32f0xx_int.o(i.HardFault_Handler)
    Key_Init                                 0x08000845   Thumb Code    82  key.o(i.Key_Init)
    NMI_Handler                              0x080008a1   Thumb Code     2  apm32f0xx_int.o(i.NMI_Handler)
    NVIC_EnableIRQRequest                    0x080008a5   Thumb Code    32  apm32f0xx_misc.o(i.NVIC_EnableIRQRequest)
    RCM_EnableAHBPeriphClock                 0x08000941   Thumb Code    12  apm32f0xx_rcm.o(i.RCM_EnableAHBPeriphClock)
    RCM_EnableAPB1PeriphClock                0x08000951   Thumb Code    12  apm32f0xx_rcm.o(i.RCM_EnableAPB1PeriphClock)
    RCM_EnableAPB2PeriphClock                0x08000961   Thumb Code    12  apm32f0xx_rcm.o(i.RCM_EnableAPB2PeriphClock)
    RCM_ReadPCLKFreq                         0x08000971   Thumb Code    38  apm32f0xx_rcm.o(i.RCM_ReadPCLKFreq)
    RCM_ReadSYSCLKFreq                       0x080009a5   Thumb Code   146  apm32f0xx_rcm.o(i.RCM_ReadSYSCLKFreq)
    RCM_ReadUSART1CLKFreq                    0x08000a49   Thumb Code    70  apm32f0xx_rcm.o(i.RCM_ReadUSART1CLKFreq)
    RCM_ReadUSART2CLKFreq                    0x08000a99   Thumb Code    70  apm32f0xx_rcm.o(i.RCM_ReadUSART2CLKFreq)
    SVC_Handler                              0x08000ae9   Thumb Code     2  port.o(i.SVC_Handler)
    Serv_Gpio_Init                           0x08000aeb   Thumb Code    76  serv.o(i.Serv_Gpio_Init)
    Serv_Timer_Init                          0x08000b39   Thumb Code   128  serv.o(i.Serv_Timer_Init)
    SysTick_Handler                          0x08000bc5   Thumb Code    32  port.o(i.SysTick_Handler)
    SystemInit                               0x08000ccd   Thumb Code   120  system_apm32f0xx.o(i.SystemInit)
    TMR1_BRK_UP_TRG_COM_IRQHandler           0x08000d55   Thumb Code    54  motor.o(i.TMR1_BRK_UP_TRG_COM_IRQHandler)
    TMR_ClearIntFlag                         0x08000d95   Thumb Code     6  apm32f0xx_tmr.o(i.TMR_ClearIntFlag)
    TMR_ConfigInternalClock                  0x08000d9b   Thumb Code    10  apm32f0xx_tmr.o(i.TMR_ConfigInternalClock)
    TMR_ConfigTimeBase                       0x08000da5   Thumb Code   128  apm32f0xx_tmr.o(i.TMR_ConfigTimeBase)
    TMR_ConfigTimeBaseStruct                 0x08000e3d   Thumb Code    18  apm32f0xx_tmr.o(i.TMR_ConfigTimeBaseStruct)
    TMR_Enable                               0x08000e4f   Thumb Code    12  apm32f0xx_tmr.o(i.TMR_Enable)
    TMR_EnableAUTOReload                     0x08000e5b   Thumb Code    12  apm32f0xx_tmr.o(i.TMR_EnableAUTOReload)
    TMR_EnableInterrupt                      0x08000e67   Thumb Code     8  apm32f0xx_tmr.o(i.TMR_EnableInterrupt)
    TMR_EnablePWMOutputs                     0x08000e6f   Thumb Code    14  apm32f0xx_tmr.o(i.TMR_EnablePWMOutputs)
    TMR_OC1Config                            0x08000e7d   Thumb Code   188  apm32f0xx_tmr.o(i.TMR_OC1Config)
    TMR_OC2Config                            0x08000f49   Thumb Code   196  apm32f0xx_tmr.o(i.TMR_OC2Config)
    TMR_OC3Config                            0x08001011   Thumb Code   196  apm32f0xx_tmr.o(i.TMR_OC3Config)
    TMR_OC4Config                            0x080010d9   Thumb Code   126  apm32f0xx_tmr.o(i.TMR_OC4Config)
    TMR_ReadIntFlag                          0x0800115d   Thumb Code    26  apm32f0xx_tmr.o(i.TMR_ReadIntFlag)
    TMR_SetCompare1                          0x08001177   Thumb Code     4  apm32f0xx_tmr.o(i.TMR_SetCompare1)
    TMR_SetCompare2                          0x0800117b   Thumb Code     4  apm32f0xx_tmr.o(i.TMR_SetCompare2)
    TMR_SetCompare3                          0x0800117f   Thumb Code     4  apm32f0xx_tmr.o(i.TMR_SetCompare3)
    TMR_SetCompare4                          0x08001183   Thumb Code     4  apm32f0xx_tmr.o(i.TMR_SetCompare4)
    USART1_IRQHandler                        0x08001189   Thumb Code    64  dmx.o(i.USART1_IRQHandler)
    USART_ClearStatusFlag                    0x080011d5   Thumb Code     4  apm32f0xx_usart.o(i.USART_ClearStatusFlag)
    USART_Config                             0x080011d9   Thumb Code   154  apm32f0xx_usart.o(i.USART_Config)
    USART_Enable                             0x08001289   Thumb Code    12  apm32f0xx_usart.o(i.USART_Enable)
    USART_EnableInterrupt                    0x08001295   Thumb Code    74  apm32f0xx_usart.o(i.USART_EnableInterrupt)
    USART_Init                               0x080012e1   Thumb Code    64  dmx.o(i.USART_Init)
    USART_ReadStatusFlag                     0x0800132d   Thumb Code    18  apm32f0xx_usart.o(i.USART_ReadStatusFlag)
    USART_RxData                             0x0800133f   Thumb Code    10  apm32f0xx_usart.o(i.USART_RxData)
    __ARM_clz                                0x080013e9   Thumb Code    46  depilogue.o(i.__ARM_clz)
    __ARM_common_switch8                     0x08001417   Thumb Code    28  apm32f0xx_rtc.o(i.__ARM_common_switch8)
    __scatterload_copy                       0x08001433   Thumb Code    14  handlers.o(i.__scatterload_copy)
    __scatterload_null                       0x08001441   Thumb Code     2  handlers.o(i.__scatterload_null)
    __scatterload_zeroinit                   0x08001443   Thumb Code    14  handlers.o(i.__scatterload_zeroinit)
    main                                     0x08001451   Thumb Code    38  main.o(i.main)
    motor_gpio_init                          0x08001479   Thumb Code   118  motor.o(i.motor_gpio_init)
    motor_left                               0x080014f5   Thumb Code    66  motor.o(i.motor_left)
    motor_right                              0x08001551   Thumb Code    66  motor.o(i.motor_right)
    motor_run                                0x080015ad   Thumb Code  1496  motor.o(i.motor_run)
    motor_timer_init                         0x08001bb9   Thumb Code   170  motor.o(i.motor_timer_init)
    pvPortMalloc                             0x08002555   Thumb Code   228  heap_4.o(i.pvPortMalloc)
    pxPortInitialiseStack                    0x08002651   Thumb Code    26  port.o(i.pxPortInitialiseStack)
    uxListRemove                             0x08002671   Thumb Code    40  list.o(i.uxListRemove)
    vListInitialise                          0x08002699   Thumb Code    26  list.o(i.vListInitialise)
    vListInitialiseItem                      0x080026b3   Thumb Code     6  list.o(i.vListInitialiseItem)
    vListInsert                              0x080026b9   Thumb Code    54  list.o(i.vListInsert)
    vListInsertEnd                           0x080026ef   Thumb Code    24  list.o(i.vListInsertEnd)
    vPortEnterCritical                       0x08002709   Thumb Code    22  port.o(i.vPortEnterCritical)
    vPortExitCritical                        0x08002725   Thumb Code    22  port.o(i.vPortExitCritical)
    vPortFree                                0x08002741   Thumb Code    80  heap_4.o(i.vPortFree)
    vPortSetupTimerInterrupt                 0x0800279d   Thumb Code    34  port.o(i.vPortSetupTimerInterrupt)
    vPortYield                               0x080027c9   Thumb Code    18  port.o(i.vPortYield)
    vQueueAddToRegistry                      0x080027e1   Thumb Code    40  queue.o(i.vQueueAddToRegistry)
    vQueueWaitForMessageRestricted           0x0800280d   Thumb Code    76  queue.o(i.vQueueWaitForMessageRestricted)
    vTaskDelay                               0x08002859   Thumb Code    38  tasks.o(i.vTaskDelay)
    vTaskInternalSetTimeOutState             0x08002881   Thumb Code    14  tasks.o(i.vTaskInternalSetTimeOutState)
    vTaskKey                                 0x08002899   Thumb Code   148  main.o(i.vTaskKey)
    vTaskMissedYield                         0x0800294d   Thumb Code     8  tasks.o(i.vTaskMissedYield)
    vTaskMotor                               0x08002959   Thumb Code   172  main.o(i.vTaskMotor)
    vTaskPlaceOnEventList                    0x08002a1d   Thumb Code    28  tasks.o(i.vTaskPlaceOnEventList)
    vTaskPlaceOnEventListRestricted          0x08002a3d   Thumb Code    38  tasks.o(i.vTaskPlaceOnEventListRestricted)
    vTaskServ                                0x08002a69   Thumb Code   190  main.o(i.vTaskServ)
    vTaskStartScheduler                      0x08002b39   Thumb Code    70  tasks.o(i.vTaskStartScheduler)
    vTaskSuspendAll                          0x08002ba1   Thumb Code    12  tasks.o(i.vTaskSuspendAll)
    vTaskSwitchContext                       0x08002bb1   Thumb Code    98  tasks.o(i.vTaskSwitchContext)
    vTaskUart1                               0x08002c29   Thumb Code    14  main.o(i.vTaskUart1)
    xPortStartScheduler                      0x08002c39   Thumb Code    48  port.o(i.xPortStartScheduler)
    xQueueGenericCreate                      0x08002c71   Thumb Code    58  queue.o(i.xQueueGenericCreate)
    xQueueGenericReset                       0x08002cab   Thumb Code   120  queue.o(i.xQueueGenericReset)
    xQueueGenericSend                        0x08002d23   Thumb Code   252  queue.o(i.xQueueGenericSend)
    xQueueGenericSendFromISR                 0x08002e1f   Thumb Code   128  queue.o(i.xQueueGenericSendFromISR)
    xQueueReceive                            0x08002e9f   Thumb Code   238  queue.o(i.xQueueReceive)
    xTaskCheckForTimeOut                     0x08002f8d   Thumb Code    90  tasks.o(i.xTaskCheckForTimeOut)
    xTaskCreate                              0x08002ff1   Thumb Code    92  tasks.o(i.xTaskCreate)
    xTaskGetSchedulerState                   0x0800304d   Thumb Code    28  tasks.o(i.xTaskGetSchedulerState)
    xTaskGetTickCount                        0x08003071   Thumb Code     6  tasks.o(i.xTaskGetTickCount)
    xTaskIncrementTick                       0x0800307d   Thumb Code   242  tasks.o(i.xTaskIncrementTick)
    xTaskPriorityDisinherit                  0x0800319d   Thumb Code    88  tasks.o(i.xTaskPriorityDisinherit)
    xTaskRemoveFromEventList                 0x080031fd   Thumb Code   102  tasks.o(i.xTaskRemoveFromEventList)
    xTaskResumeAll                           0x0800327d   Thumb Code   192  tasks.o(i.xTaskResumeAll)
    xTimerCreateTimerTask                    0x0800335d   Thumb Code    44  timers.o(i.xTimerCreateTimerTask)
    xTimerGenericCommand                     0x0800339d   Thumb Code   100  timers.o(i.xTimerGenericCommand)
    GPIO_PIN                                 0x08003404   Data           4  board.o(.constdata)
    GPIO_CLK                                 0x08003408   Data           8  board.o(.constdata)
    BUTTON_PIN                               0x08003410   Data           4  board.o(.constdata)
    BUTTON_CLK                               0x08003414   Data           8  board.o(.constdata)
    COM_USART_CLK                            0x0800341c   Data           8  board.o(.constdata)
    COM_TX_PORT_CLK                          0x08003424   Data           8  board.o(.constdata)
    COM_RX_PORT_CLK                          0x0800342c   Data           8  board.o(.constdata)
    COM_TX_PIN                               0x08003434   Data           4  board.o(.constdata)
    COM_RX_PIN                               0x08003438   Data           4  board.o(.constdata)
    COM_TX_PIN_SOURCE                        0x0800343c   Data           2  board.o(.constdata)
    COM_RX_PIN_SOURCE                        0x0800343e   Data           2  board.o(.constdata)
    COM_TX_AF                                0x08003440   Data           2  board.o(.constdata)
    COM_RX_AF                                0x08003442   Data           2  board.o(.constdata)
    stepval                                  0x080039e4   Data        1440  motor.o(.constdata)
    Region$$Table$$Base                      0x08003f84   Number         0  anon$$obj.o(Region$$Table)
    Region$$Table$$Limit                     0x08003fa4   Number         0  anon$$obj.o(Region$$Table)
    SystemCoreClock                          0x20000000   Data           4  system_apm32f0xx.o(.data)
    GPIO_PORT                                0x20000004   Data           8  board.o(.data)
    BUTTON_PORT                              0x2000000c   Data           8  board.o(.data)
    COM_USART                                0x20000014   Data           8  board.o(.data)
    COM_TX_PORT                              0x2000001c   Data           8  board.o(.data)
    COM_RX_PORT                              0x20000024   Data           8  board.o(.data)
    screanMain_idx_o                         0x20000098   Data           1  main.o(.data)
    screanMain_idx                           0x20000099   Data           1  main.o(.data)
    screanSecondx                            0x2000009a   Data           1  main.o(.data)
    screanSecond_idx_o                       0x2000009b   Data           1  main.o(.data)
    screanSecond_idx                         0x2000009c   Data           1  main.o(.data)
    screanSecond_status                      0x2000009d   Data           1  main.o(.data)
    screanSecondx2                           0x2000009e   Data           1  main.o(.data)
    key1_press                               0x2000009f   Data           1  main.o(.data)
    key2_press                               0x200000a0   Data           1  main.o(.data)
    key3_press                               0x200000a1   Data           1  main.o(.data)
    keyup_press                              0x200000a2   Data           1  main.o(.data)
    keydown_longpress                        0x200000a3   Data           1  main.o(.data)
    keyenter_longpress                       0x200000a4   Data           1  main.o(.data)
    keyhome_longpress                        0x200000a5   Data           1  main.o(.data)
    keyup_longpress                          0x200000a6   Data           1  main.o(.data)
    keydown_up                               0x200000a7   Data           1  main.o(.data)
    keyenter_up                              0x200000a8   Data           1  main.o(.data)
    keyhome_up                               0x200000a9   Data           1  main.o(.data)
    keyup_up                                 0x200000aa   Data           1  main.o(.data)
    uart_val                                 0x200000ac   Data           2  main.o(.data)
    Timer1Counter1                           0x2000011c   Data           2  motor.o(.data)
    pxCurrentTCB                             0x20000140   Data           4  tasks.o(.data)
    uxTopUsedPriority                        0x20000178   Data           4  tasks.o(.data)
    rxDataBufUSART2                          0x20000198   Data          64  dmx.o(.bss)
    xQueueRegistry                           0x200015d8   Data          64  queue.o(.bss)
    __initial_sp                             0x20001b08   Data           0  startup_apm32f030.o(STACK)



==============================================================================

Memory Map of the image

  Image Entry point : 0x080000b9

  Load Region LR_IROM1 (Base: 0x08000000, Size: 0x0000413c, Max: 0x00010000, ABSOLUTE, COMPRESSED[0x00003fe4])

    Execution Region ER_IROM1 (Exec base: 0x08000000, Load base: 0x08000000, Size: 0x00003fa4, Max: 0x00010000, ABSOLUTE)

    Exec Addr    Load Addr    Size         Type   Attr      Idx    E Section Name        Object

    0x08000000   0x08000000   0x000000b8   Data   RO           63    RESET               startup_apm32f030.o
    0x080000b8   0x080000b8   0x00000000   Code   RO         6328  * .ARM.Collect$$$$00000000  mc_p.l(entry.o)
    0x080000b8   0x080000b8   0x00000004   Code   RO         6355    .ARM.Collect$$$$00000001  mc_p.l(entry2.o)
    0x080000bc   0x080000bc   0x00000004   Code   RO         6358    .ARM.Collect$$$$00000004  mc_p.l(entry5.o)
    0x080000c0   0x080000c0   0x00000000   Code   RO         6360    .ARM.Collect$$$$00000008  mc_p.l(entry7b.o)
    0x080000c0   0x080000c0   0x00000000   Code   RO         6362    .ARM.Collect$$$$0000000A  mc_p.l(entry8b.o)
    0x080000c0   0x080000c0   0x00000008   Code   RO         6363    .ARM.Collect$$$$0000000B  mc_p.l(entry9a.o)
    0x080000c8   0x080000c8   0x00000004   Code   RO         6370    .ARM.Collect$$$$0000000E  mc_p.l(entry12b.o)
    0x080000cc   0x080000cc   0x00000000   Code   RO         6365    .ARM.Collect$$$$0000000F  mc_p.l(entry10a.o)
    0x080000cc   0x080000cc   0x00000000   Code   RO         6367    .ARM.Collect$$$$00000011  mc_p.l(entry11a.o)
    0x080000cc   0x080000cc   0x00000004   Code   RO         6356    .ARM.Collect$$$$00002712  mc_p.l(entry2.o)
    0x080000d0   0x080000d0   0x00000078   Code   RO         6257    .emb_text           port.o
    0x08000148   0x08000148   0x0000001c   Code   RO           64    .text               startup_apm32f030.o
    0x08000164   0x08000164   0x0000002c   Code   RO         6331    .text               mc_p.l(uidiv.o)
    0x08000190   0x08000190   0x00000028   Code   RO         6333    .text               mc_p.l(idiv.o)
    0x080001b8   0x080001b8   0x00000024   Code   RO         6335    .text               mc_p.l(memcpya.o)
    0x080001dc   0x080001dc   0x00000024   Code   RO         6337    .text               mc_p.l(memseta.o)
    0x08000200   0x08000200   0x0000007a   Code   RO         6341    .text               mf_p.l(fmul.o)
    0x0800027a   0x0800027a   0x00000002   PAD
    0x0800027c   0x0800027c   0x000000f0   Code   RO         6343    .text               mf_p.l(ddiv.o)
    0x0800036c   0x0800036c   0x0000000e   Code   RO         6345    .text               mf_p.l(ffltui.o)
    0x0800037a   0x0800037a   0x00000002   PAD
    0x0800037c   0x0800037c   0x0000001c   Code   RO         6347    .text               mf_p.l(dfltui.o)
    0x08000398   0x08000398   0x00000028   Code   RO         6349    .text               mf_p.l(ffixui.o)
    0x080003c0   0x080003c0   0x00000038   Code   RO         6351    .text               mf_p.l(d2f.o)
    0x080003f8   0x080003f8   0x00000014   Code   RO         6353    .text               mf_p.l(cfrcmple.o)
    0x0800040c   0x0800040c   0x00000000   Code   RO         6371    .text               mc_p.l(iusefp.o)
    0x0800040c   0x0800040c   0x00000082   Code   RO         6372    .text               mf_p.l(fepilogue.o)
    0x0800048e   0x0800048e   0x000000be   Code   RO         6374    .text               mf_p.l(depilogue.o)
    0x0800054c   0x0800054c   0x00000024   Code   RO         6378    .text               mc_p.l(init.o)
    0x08000570   0x08000570   0x00000020   Code   RO         6380    .text               mc_p.l(llshl.o)
    0x08000590   0x08000590   0x00000022   Code   RO         6382    .text               mc_p.l(llushr.o)
    0x080005b2   0x080005b2   0x00000056   Code   RO         6392    .text               mc_p.l(__dczerorl2.o)
    0x08000608   0x08000608   0x00000138   Code   RO         4746    i.APM_MINI_COMInit  board.o
    0x08000740   0x08000740   0x00000010   Code   RO         5036    i.Delay2            public.o
    0x08000750   0x08000750   0x0000008a   Code   RO         1621    i.GPIO_Config       apm32f0xx_gpio.o
    0x080007da   0x080007da   0x00000046   Code   RO         1622    i.GPIO_ConfigPinAF  apm32f0xx_gpio.o
    0x08000820   0x08000820   0x00000014   Code   RO         1625    i.GPIO_ReadInputBit  apm32f0xx_gpio.o
    0x08000834   0x08000834   0x0000000c   Code   RO         1631    i.GPIO_WriteBitValue  apm32f0xx_gpio.o
    0x08000840   0x08000840   0x00000002   Code   RO         4962    i.HardFault_Handler  apm32f0xx_int.o
    0x08000842   0x08000842   0x00000002   PAD
    0x08000844   0x08000844   0x0000005c   Code   RO         4993    i.Key_Init          key.o
    0x080008a0   0x080008a0   0x00000002   Code   RO         4963    i.NMI_Handler       apm32f0xx_int.o
    0x080008a2   0x080008a2   0x00000002   PAD
    0x080008a4   0x080008a4   0x00000024   Code   RO         2201    i.NVIC_EnableIRQRequest  apm32f0xx_misc.o
    0x080008c8   0x080008c8   0x00000078   Code   RO         2203    i.NVIC_SetPriority  apm32f0xx_misc.o
    0x08000940   0x08000940   0x00000010   Code   RO         2458    i.RCM_EnableAHBPeriphClock  apm32f0xx_rcm.o
    0x08000950   0x08000950   0x00000010   Code   RO         2460    i.RCM_EnableAPB1PeriphClock  apm32f0xx_rcm.o
    0x08000960   0x08000960   0x00000010   Code   RO         2462    i.RCM_EnableAPB2PeriphClock  apm32f0xx_rcm.o
    0x08000970   0x08000970   0x00000034   Code   RO         2480    i.RCM_ReadPCLKFreq  apm32f0xx_rcm.o
    0x080009a4   0x080009a4   0x000000a4   Code   RO         2481    i.RCM_ReadSYSCLKFreq  apm32f0xx_rcm.o
    0x08000a48   0x08000a48   0x00000050   Code   RO         2484    i.RCM_ReadUSART1CLKFreq  apm32f0xx_rcm.o
    0x08000a98   0x08000a98   0x00000050   Code   RO         2485    i.RCM_ReadUSART2CLKFreq  apm32f0xx_rcm.o
    0x08000ae8   0x08000ae8   0x00000002   Code   RO         6258    i.SVC_Handler       port.o
    0x08000aea   0x08000aea   0x0000004c   Code   RO         5147    i.Serv_Gpio_Init    serv.o
    0x08000b36   0x08000b36   0x00000002   PAD
    0x08000b38   0x08000b38   0x0000008c   Code   RO         5148    i.Serv_Timer_Init   serv.o
    0x08000bc4   0x08000bc4   0x00000024   Code   RO         6259    i.SysTick_Handler   port.o
    0x08000be8   0x08000be8   0x000000dc   Code   RO            3    i.SystemClock48M    system_apm32f0xx.o
    0x08000cc4   0x08000cc4   0x00000008   Code   RO            4    i.SystemClockConfig  system_apm32f0xx.o
    0x08000ccc   0x08000ccc   0x00000088   Code   RO            6    i.SystemInit        system_apm32f0xx.o
    0x08000d54   0x08000d54   0x00000040   Code   RO         5056    i.TMR1_BRK_UP_TRG_COM_IRQHandler  motor.o
    0x08000d94   0x08000d94   0x00000006   Code   RO         3599    i.TMR_ClearIntFlag  apm32f0xx_tmr.o
    0x08000d9a   0x08000d9a   0x0000000a   Code   RO         3615    i.TMR_ConfigInternalClock  apm32f0xx_tmr.o
    0x08000da4   0x08000da4   0x00000098   Code   RO         3618    i.TMR_ConfigTimeBase  apm32f0xx_tmr.o
    0x08000e3c   0x08000e3c   0x00000012   Code   RO         3619    i.TMR_ConfigTimeBaseStruct  apm32f0xx_tmr.o
    0x08000e4e   0x08000e4e   0x0000000c   Code   RO         3634    i.TMR_Enable        apm32f0xx_tmr.o
    0x08000e5a   0x08000e5a   0x0000000c   Code   RO         3635    i.TMR_EnableAUTOReload  apm32f0xx_tmr.o
    0x08000e66   0x08000e66   0x00000008   Code   RO         3642    i.TMR_EnableInterrupt  apm32f0xx_tmr.o
    0x08000e6e   0x08000e6e   0x0000000e   Code   RO         3645    i.TMR_EnablePWMOutputs  apm32f0xx_tmr.o
    0x08000e7c   0x08000e7c   0x000000cc   Code   RO         3654    i.TMR_OC1Config     apm32f0xx_tmr.o
    0x08000f48   0x08000f48   0x000000c8   Code   RO         3659    i.TMR_OC2Config     apm32f0xx_tmr.o
    0x08001010   0x08001010   0x000000c8   Code   RO         3664    i.TMR_OC3Config     apm32f0xx_tmr.o
    0x080010d8   0x080010d8   0x00000084   Code   RO         3669    i.TMR_OC4Config     apm32f0xx_tmr.o
    0x0800115c   0x0800115c   0x0000001a   Code   RO         3681    i.TMR_ReadIntFlag   apm32f0xx_tmr.o
    0x08001176   0x08001176   0x00000004   Code   RO         3692    i.TMR_SetCompare1   apm32f0xx_tmr.o
    0x0800117a   0x0800117a   0x00000004   Code   RO         3693    i.TMR_SetCompare2   apm32f0xx_tmr.o
    0x0800117e   0x0800117e   0x00000004   Code   RO         3694    i.TMR_SetCompare3   apm32f0xx_tmr.o
    0x08001182   0x08001182   0x00000004   Code   RO         3695    i.TMR_SetCompare4   apm32f0xx_tmr.o
    0x08001186   0x08001186   0x00000002   PAD
    0x08001188   0x08001188   0x0000004c   Code   RO         5116    i.USART1_IRQHandler  dmx.o
    0x080011d4   0x080011d4   0x00000004   Code   RO         4246    i.USART_ClearStatusFlag  apm32f0xx_usart.o
    0x080011d8   0x080011d8   0x000000b0   Code   RO         4247    i.USART_Config      apm32f0xx_usart.o
    0x08001288   0x08001288   0x0000000c   Code   RO         4287    i.USART_Enable      apm32f0xx_usart.o
    0x08001294   0x08001294   0x0000004a   Code   RO         4294    i.USART_EnableInterrupt  apm32f0xx_usart.o
    0x080012de   0x080012de   0x00000002   PAD
    0x080012e0   0x080012e0   0x0000004c   Code   RO         5117    i.USART_Init        dmx.o
    0x0800132c   0x0800132c   0x00000012   Code   RO         4309    i.USART_ReadStatusFlag  apm32f0xx_usart.o
    0x0800133e   0x0800133e   0x0000000a   Code   RO         4312    i.USART_RxData      apm32f0xx_usart.o
    0x08001348   0x08001348   0x000000a0   Code   RO         4827    i.UserTaskCreate    main.o
    0x080013e8   0x080013e8   0x0000002e   Code   RO         6376    i.__ARM_clz         mf_p.l(depilogue.o)
    0x08001416   0x08001416   0x0000001c   Code   RO         3221    i.__ARM_common_switch8  apm32f0xx_rtc.o
    0x08001432   0x08001432   0x0000000e   Code   RO         6386    i.__scatterload_copy  mc_p.l(handlers.o)
    0x08001440   0x08001440   0x00000002   Code   RO         6387    i.__scatterload_null  mc_p.l(handlers.o)
    0x08001442   0x08001442   0x0000000e   Code   RO         6388    i.__scatterload_zeroinit  mc_p.l(handlers.o)
    0x08001450   0x08001450   0x00000026   Code   RO         4828    i.main              main.o
    0x08001476   0x08001476   0x00000002   PAD
    0x08001478   0x08001478   0x0000007c   Code   RO         5057    i.motor_gpio_init   motor.o
    0x080014f4   0x080014f4   0x0000005c   Code   RO         5058    i.motor_left        motor.o
    0x08001550   0x08001550   0x0000005c   Code   RO         5060    i.motor_right       motor.o
    0x080015ac   0x080015ac   0x0000060c   Code   RO         5061    i.motor_run         motor.o
    0x08001bb8   0x08001bb8   0x000000b4   Code   RO         5062    i.motor_timer_init  motor.o
    0x08001c6c   0x08001c6c   0x0000007c   Code   RO         5748    i.prvAddCurrentTaskToDelayedList  tasks.o
    0x08001ce8   0x08001ce8   0x000000ac   Code   RO         5749    i.prvAddNewTaskToReadyList  tasks.o
    0x08001d94   0x08001d94   0x00000068   Code   RO         6112    i.prvCheckForValidListAndQueue  timers.o
    0x08001dfc   0x08001dfc   0x00000048   Code   RO         5750    i.prvCheckTasksWaitingTermination  tasks.o
    0x08001e44   0x08001e44   0x0000002c   Code   RO         5371    i.prvCopyDataFromQueue  queue.o
    0x08001e70   0x08001e70   0x00000080   Code   RO         5372    i.prvCopyDataToQueue  queue.o
    0x08001ef0   0x08001ef0   0x00000012   Code   RO         5751    i.prvDeleteTCB      tasks.o
    0x08001f02   0x08001f02   0x00000002   PAD
    0x08001f04   0x08001f04   0x0000002c   Code   RO         6113    i.prvGetNextExpireTime  timers.o
    0x08001f30   0x08001f30   0x0000007c   Code   RO         5279    i.prvHeapInit       heap_4.o
    0x08001fac   0x08001fac   0x00000018   Code   RO         5752    i.prvIdleTask       tasks.o
    0x08001fc4   0x08001fc4   0x0000002c   Code   RO         5375    i.prvInitialiseNewQueue  queue.o
    0x08001ff0   0x08001ff0   0x000000a0   Code   RO         5753    i.prvInitialiseNewTask  tasks.o
    0x08002090   0x08002090   0x00000064   Code   RO         5754    i.prvInitialiseTaskLists  tasks.o
    0x080020f4   0x080020f4   0x00000068   Code   RO         5280    i.prvInsertBlockIntoFreeList  heap_4.o
    0x0800215c   0x0800215c   0x00000054   Code   RO         6115    i.prvInsertTimerInActiveList  timers.o
    0x080021b0   0x080021b0   0x0000001c   Code   RO         5376    i.prvIsQueueEmpty   queue.o
    0x080021cc   0x080021cc   0x0000001e   Code   RO         5377    i.prvIsQueueFull    queue.o
    0x080021ea   0x080021ea   0x00000002   PAD
    0x080021ec   0x080021ec   0x00000060   Code   RO         6116    i.prvProcessExpiredTimer  timers.o
    0x0800224c   0x0800224c   0x00000104   Code   RO         6117    i.prvProcessReceivedCommands  timers.o
    0x08002350   0x08002350   0x0000006c   Code   RO         6118    i.prvProcessTimerOrBlockTask  timers.o
    0x080023bc   0x080023bc   0x00000034   Code   RO         5756    i.prvResetNextTaskUnblockTime  tasks.o
    0x080023f0   0x080023f0   0x0000002c   Code   RO         6119    i.prvSampleTimeNow  timers.o
    0x0800241c   0x0800241c   0x00000088   Code   RO         6120    i.prvSwitchTimerLists  timers.o
    0x080024a4   0x080024a4   0x00000006   Code   RO         6260    i.prvTaskExitError  port.o
    0x080024aa   0x080024aa   0x0000001a   Code   RO         6121    i.prvTimerTask      timers.o
    0x080024c4   0x080024c4   0x0000008e   Code   RO         5378    i.prvUnlockQueue    queue.o
    0x08002552   0x08002552   0x00000002   PAD
    0x08002554   0x08002554   0x000000fc   Code   RO         5281    i.pvPortMalloc      heap_4.o
    0x08002650   0x08002650   0x00000020   Code   RO         6261    i.pxPortInitialiseStack  port.o
    0x08002670   0x08002670   0x00000028   Code   RO         5334    i.uxListRemove      list.o
    0x08002698   0x08002698   0x0000001a   Code   RO         5335    i.vListInitialise   list.o
    0x080026b2   0x080026b2   0x00000006   Code   RO         5336    i.vListInitialiseItem  list.o
    0x080026b8   0x080026b8   0x00000036   Code   RO         5337    i.vListInsert       list.o
    0x080026ee   0x080026ee   0x00000018   Code   RO         5338    i.vListInsertEnd    list.o
    0x08002706   0x08002706   0x00000002   PAD
    0x08002708   0x08002708   0x0000001c   Code   RO         6263    i.vPortEnterCritical  port.o
    0x08002724   0x08002724   0x0000001c   Code   RO         6264    i.vPortExitCritical  port.o
    0x08002740   0x08002740   0x0000005c   Code   RO         5282    i.vPortFree         heap_4.o
    0x0800279c   0x0800279c   0x0000002c   Code   RO         6265    i.vPortSetupTimerInterrupt  port.o
    0x080027c8   0x080027c8   0x00000018   Code   RO         6266    i.vPortYield        port.o
    0x080027e0   0x080027e0   0x0000002c   Code   RO         5384    i.vQueueAddToRegistry  queue.o
    0x0800280c   0x0800280c   0x0000004c   Code   RO         5388    i.vQueueWaitForMessageRestricted  queue.o
    0x08002858   0x08002858   0x00000026   Code   RO         5768    i.vTaskDelay        tasks.o
    0x0800287e   0x0800287e   0x00000002   PAD
    0x08002880   0x08002880   0x00000018   Code   RO         5773    i.vTaskInternalSetTimeOutState  tasks.o
    0x08002898   0x08002898   0x000000b4   Code   RO         4829    i.vTaskKey          main.o
    0x0800294c   0x0800294c   0x0000000c   Code   RO         5774    i.vTaskMissedYield  tasks.o
    0x08002958   0x08002958   0x000000c4   Code   RO         4831    i.vTaskMotor        main.o
    0x08002a1c   0x08002a1c   0x00000020   Code   RO         5775    i.vTaskPlaceOnEventList  tasks.o
    0x08002a3c   0x08002a3c   0x0000002c   Code   RO         5776    i.vTaskPlaceOnEventListRestricted  tasks.o
    0x08002a68   0x08002a68   0x000000d0   Code   RO         4832    i.vTaskServ         main.o
    0x08002b38   0x08002b38   0x00000068   Code   RO         5784    i.vTaskStartScheduler  tasks.o
    0x08002ba0   0x08002ba0   0x00000010   Code   RO         5786    i.vTaskSuspendAll   tasks.o
    0x08002bb0   0x08002bb0   0x00000078   Code   RO         5787    i.vTaskSwitchContext  tasks.o
    0x08002c28   0x08002c28   0x0000000e   Code   RO         4833    i.vTaskUart1        main.o
    0x08002c36   0x08002c36   0x00000002   PAD
    0x08002c38   0x08002c38   0x00000038   Code   RO         6267    i.xPortStartScheduler  port.o
    0x08002c70   0x08002c70   0x0000003a   Code   RO         5391    i.xQueueGenericCreate  queue.o
    0x08002caa   0x08002caa   0x00000078   Code   RO         5392    i.xQueueGenericReset  queue.o
    0x08002d22   0x08002d22   0x000000fc   Code   RO         5393    i.xQueueGenericSend  queue.o
    0x08002e1e   0x08002e1e   0x00000080   Code   RO         5394    i.xQueueGenericSendFromISR  queue.o
    0x08002e9e   0x08002e9e   0x000000ee   Code   RO         5401    i.xQueueReceive     queue.o
    0x08002f8c   0x08002f8c   0x00000064   Code   RO         5789    i.xTaskCheckForTimeOut  tasks.o
    0x08002ff0   0x08002ff0   0x0000005c   Code   RO         5790    i.xTaskCreate       tasks.o
    0x0800304c   0x0800304c   0x00000024   Code   RO         5797    i.xTaskGetSchedulerState  tasks.o
    0x08003070   0x08003070   0x0000000c   Code   RO         5798    i.xTaskGetTickCount  tasks.o
    0x0800307c   0x0800307c   0x00000120   Code   RO         5800    i.xTaskIncrementTick  tasks.o
    0x0800319c   0x0800319c   0x00000060   Code   RO         5801    i.xTaskPriorityDisinherit  tasks.o
    0x080031fc   0x080031fc   0x00000080   Code   RO         5803    i.xTaskRemoveFromEventList  tasks.o
    0x0800327c   0x0800327c   0x000000e0   Code   RO         5804    i.xTaskResumeAll    tasks.o
    0x0800335c   0x0800335c   0x00000040   Code   RO         6129    i.xTimerCreateTimerTask  timers.o
    0x0800339c   0x0800339c   0x00000068   Code   RO         6130    i.xTimerGenericCommand  timers.o
    0x08003404   0x08003404   0x00000040   Data   RO         4754    .constdata          board.o
    0x08003444   0x08003444   0x00000b40   Data   RO         5063    .constdata          motor.o
    0x08003f84   0x08003f84   0x00000020   Data   RO         6384    Region$$Table       anon$$obj.o


    Execution Region RW_IRAM1 (Exec base: 0x20000000, Load base: 0x08003fa4, Size: 0x00001b08, Max: 0x00002000, ABSOLUTE, COMPRESSED[0x00000040])

    Exec Addr    Load Addr    Size         Type   Attr      Idx    E Section Name        Object

    0x20000000   COMPRESSED   0x00000004   Data   RW            7    .data               system_apm32f0xx.o
    0x20000004   COMPRESSED   0x00000028   Data   RW         4755    .data               board.o
    0x2000002c   COMPRESSED   0x00000093   Data   RW         4837    .data               main.o
    0x200000bf   COMPRESSED   0x00000001   PAD
    0x200000c0   COMPRESSED   0x0000005e   Data   RW         5064    .data               motor.o
    0x2000011e   COMPRESSED   0x00000002   PAD
    0x20000120   COMPRESSED   0x00000020   Data   RW         5288    .data               heap_4.o
    0x20000140   COMPRESSED   0x00000040   Data   RW         5807    .data               tasks.o
    0x20000180   COMPRESSED   0x00000014   Data   RW         6136    .data               timers.o
    0x20000194   COMPRESSED   0x00000004   Data   RW         6268    .data               port.o
    0x20000198        -       0x00000040   Zero   RW         5118    .bss                dmx.o
    0x200001d8        -       0x00001400   Zero   RW         5287    .bss                heap_4.o
    0x200015d8        -       0x00000040   Zero   RW         5405    .bss                queue.o
    0x20001618        -       0x000000c8   Zero   RW         5806    .bss                tasks.o
    0x200016e0        -       0x00000028   Zero   RW         6135    .bss                timers.o
    0x20001708        -       0x00000400   Zero   RW           61    STACK               startup_apm32f030.o


==============================================================================

Image component sizes


      Code (inc. data)   RO Data    RW Data    ZI Data      Debug   Object Name

         0          0          0          0          0       4532   apm32f0xx_adc.o
       240          0          0          0          0       4954   apm32f0xx_gpio.o
         4          0          0          0          0        850   apm32f0xx_int.o
       156         14          0          0          0       7152   apm32f0xx_misc.o
       424         64          0          0          0       4395   apm32f0xx_rcm.o
        28          0          0          0          0         76   apm32f0xx_rtc.o
      1010         54          0          0          0      17448   apm32f0xx_tmr.o
       294         22          0          0          0       8092   apm32f0xx_usart.o
       312         58         64         40          0       4521   board.o
       152         24          0          0         64       1880   dmx.o
         0          0          0          0          0       2560   event_groups.o
       572         68          0         32       5120       4591   heap_4.o
        92         10          0          0          0        491   key.o
       150          0          0          0          0       3838   list.o
       796        150          0        147          0      22402   main.o
      2100        218       2880         94          0       5326   motor.o
       376         56          0          4          0       8043   port.o
        16          0          0          0          0        729   public.o
      1332          4          0          0         64      15798   queue.o
       216         12          0          0          0       1107   serv.o
        28          8        184          0       1024        716   startup_apm32f030.o
       364         26          0          4          0      65575   system_apm32f0xx.o
      2088        326          0         64        200      27540   tasks.o
      1070        108          0         20         40      12527   timers.o

    ----------------------------------------------------------------------
     11844       1222       3160        408       6512     225143   Object Totals
         0          0         32          0          0          0   (incl. Generated)
        24          0          0          3          0          0   (incl. Padding)

    ----------------------------------------------------------------------

      Code (inc. data)   RO Data    RW Data    ZI Data      Debug   Library Member Name

        86          0          0          0          0          0   __dczerorl2.o
         0          0          0          0          0          0   entry.o
         0          0          0          0          0          0   entry10a.o
         0          0          0          0          0          0   entry11a.o
         4          0          0          0          0          0   entry12b.o
         8          4          0          0          0          0   entry2.o
         4          0          0          0          0          0   entry5.o
         0          0          0          0          0          0   entry7b.o
         0          0          0          0          0          0   entry8b.o
         8          4          0          0          0          0   entry9a.o
        30          0          0          0          0          0   handlers.o
        40          0          0          0          0         72   idiv.o
        36          8          0          0          0         68   init.o
         0          0          0          0          0          0   iusefp.o
        32          0          0          0          0         68   llshl.o
        34          0          0          0          0         68   llushr.o
        36          0          0          0          0         60   memcpya.o
        36          0          0          0          0        100   memseta.o
        44          0          0          0          0         72   uidiv.o
        20          0          0          0          0         68   cfrcmple.o
        56          0          0          0          0         68   d2f.o
       240          6          0          0          0         84   ddiv.o
       236          0          0          0          0        216   depilogue.o
        28          4          0          0          0         68   dfltui.o
       130          0          0          0          0        144   fepilogue.o
        40          0          0          0          0         60   ffixui.o
        14          0          0          0          0         68   ffltui.o
       122          0          0          0          0         72   fmul.o

    ----------------------------------------------------------------------
      1288         26          0          0          0       1356   Library Totals
         4          0          0          0          0          0   (incl. Padding)

    ----------------------------------------------------------------------

      Code (inc. data)   RO Data    RW Data    ZI Data      Debug   Library Name

       398         16          0          0          0        508   mc_p.l
       886         10          0          0          0        848   mf_p.l

    ----------------------------------------------------------------------
      1288         26          0          0          0       1356   Library Totals

    ----------------------------------------------------------------------

==============================================================================


      Code (inc. data)   RO Data    RW Data    ZI Data      Debug   

     13132       1248       3160        408       6512     220635   Grand Totals
     13132       1248       3160         64       6512     220635   ELF Image Totals (compressed)
     13132       1248       3160         64          0          0   ROM Totals

==============================================================================

    Total RO  Size (Code + RO Data)                16292 (  15.91kB)
    Total RW  Size (RW Data + ZI Data)              6920 (   6.76kB)
    Total ROM Size (Code + RO Data + RW Data)      16356 (  15.97kB)

==============================================================================

